Archive member included because of file (symbol)

libbb/lib.a(appletlib.o)      /home/sun/workspace/sun/wrtnode/wrtnode/staging_dir/toolchain-mipsel_24kec+dsp_gcc-4.8-linaro_uClibc-0.9.33.2/lib/gcc/mipsel-openwrt-linux-uclibc/4.8.3/../../../../mipsel-openwrt-linux-uclibc/lib/crt1.o (main)
libbb/lib.a(default_error_retval.o)
                              libbb/lib.a(appletlib.o) (xfunc_error_retval)
libbb/lib.a(get_last_path_component.o)
                              libbb/lib.a(appletlib.o) (bb_basename)
libbb/lib.a(last_char_is.o)   libbb/lib.a(get_last_path_component.o) (last_char_is)
libbb/lib.a(messages.o)       libbb/lib.a(appletlib.o) (bb_banner)
libbb/lib.a(ptr_to_globals.o)
                              libbb/lib.a(appletlib.o) (bb_errno)
libbb/lib.a(verror_msg.o)     libbb/lib.a(appletlib.o) (bb_error_msg_and_die)
libbb/lib.a(xfunc_die.o)      libbb/lib.a(appletlib.o) (xfunc_die)
libbb/lib.a(xfuncs.o)         libbb/lib.a(appletlib.o) (full_write2_str)
libbb/lib.a(xfuncs_printf.o)  libbb/lib.a(appletlib.o) (malloc_or_warn)
libbb/lib.a(copyfd.o)         libbb/lib.a(xfuncs_printf.o) (bb_copyfd_eof)
libbb/lib.a(full_write.o)     libbb/lib.a(verror_msg.o) (full_write)
libbb/lib.a(perror_msg.o)     libbb/lib.a(xfuncs_printf.o) (bb_perror_msg)
libbb/lib.a(read.o)           libbb/lib.a(copyfd.o) (safe_read)
libbb/lib.a(safe_write.o)     libbb/lib.a(full_write.o) (safe_write)
libbb/lib.a(time.o)           libbb/lib.a(xfuncs_printf.o) (monotonic_us)
libbb/lib.a(bb_strtonum.o)    libbb/lib.a(time.o) (bb_strtol)
loginutils/lib.a(passwd.o)    libbb/lib.a(appletlib.o) (passwd_main)
miscutils/lib.a(crond.o)      libbb/lib.a(appletlib.o) (crond_main)
miscutils/lib.a(crontab.o)    libbb/lib.a(appletlib.o) (crontab_main)
miscutils/lib.a(devmem.o)     libbb/lib.a(appletlib.o) (devmem_main)
miscutils/lib.a(less.o)       libbb/lib.a(appletlib.o) (less_main)
miscutils/lib.a(lock.o)       libbb/lib.a(appletlib.o) (lock_main)
miscutils/lib.a(strings.o)    libbb/lib.a(appletlib.o) (strings_main)
miscutils/lib.a(time.o)       libbb/lib.a(appletlib.o) (time_main)
networking/lib.a(arping.o)    libbb/lib.a(appletlib.o) (arping_main)
networking/lib.a(brctl.o)     libbb/lib.a(appletlib.o) (brctl_main)
networking/lib.a(ifconfig.o)  libbb/lib.a(appletlib.o) (ifconfig_main)
networking/lib.a(interface.o)
                              networking/lib.a(ifconfig.o) (display_interfaces)
networking/lib.a(nc.o)        libbb/lib.a(appletlib.o) (nc_main)
networking/lib.a(netmsg.o)    libbb/lib.a(appletlib.o) (netmsg_main)
networking/lib.a(netstat.o)   libbb/lib.a(appletlib.o) (netstat_main)
networking/lib.a(nslookup.o)  libbb/lib.a(appletlib.o) (nslookup_main)
networking/lib.a(ntpd.o)      libbb/lib.a(appletlib.o) (ntpd_main)
networking/lib.a(ping.o)      libbb/lib.a(appletlib.o) (ping_main)
networking/lib.a(route.o)     networking/lib.a(netstat.o) (bb_displayroutes)
networking/lib.a(telnet.o)    libbb/lib.a(appletlib.o) (telnet_main)
networking/lib.a(telnetd.o)   libbb/lib.a(appletlib.o) (telnetd_main)
networking/lib.a(traceroute.o)
                              libbb/lib.a(appletlib.o) (traceroute_main)
networking/lib.a(vconfig.o)   libbb/lib.a(appletlib.o) (vconfig_main)
networking/lib.a(wget.o)      libbb/lib.a(appletlib.o) (wget_main)
networking/udhcp/lib.a(dhcpc.o)
                              libbb/lib.a(appletlib.o) (udhcpc_main)
networking/udhcp/lib.a(domain_codec.o)
                              networking/udhcp/lib.a(dhcpc.o) (dname_dec)
networking/udhcp/lib.a(packet.o)
                              networking/udhcp/lib.a(dhcpc.o) (udhcp_init_header)
networking/udhcp/lib.a(signalpipe.o)
                              networking/udhcp/lib.a(dhcpc.o) (udhcp_sp_setup)
networking/udhcp/lib.a(socket.o)
                              networking/udhcp/lib.a(dhcpc.o) (udhcp_read_interface)
networking/udhcp/lib.a(common.o)
                              networking/udhcp/lib.a(dhcpc.o) (udhcp_option_idx)
procps/lib.a(free.o)          libbb/lib.a(appletlib.o) (free_main)
procps/lib.a(kill.o)          libbb/lib.a(appletlib.o) (kill_main)
procps/lib.a(pgrep.o)         libbb/lib.a(appletlib.o) (pgrep_main)
procps/lib.a(pidof.o)         libbb/lib.a(appletlib.o) (pidof_main)
procps/lib.a(ps.o)            libbb/lib.a(appletlib.o) (ps_main)
procps/lib.a(sysctl.o)        libbb/lib.a(appletlib.o) (sysctl_main)
procps/lib.a(top.o)           libbb/lib.a(appletlib.o) (top_main)
procps/lib.a(uptime.o)        libbb/lib.a(appletlib.o) (uptime_main)
shell/lib.a(ash.o)            libbb/lib.a(appletlib.o) (ash_main)
shell/lib.a(ash_ptr_hack.o)   shell/lib.a(ash.o) (ash_ptr_to_globals_var)
shell/lib.a(math.o)           shell/lib.a(ash.o) (arith)
shell/lib.a(shell_common.o)   shell/lib.a(ash.o) (shell_builtin_read)
sysklogd/lib.a(syslogd_and_logger.o)
                              libbb/lib.a(appletlib.o) (logger_main)
util-linux/lib.a(dmesg.o)     libbb/lib.a(appletlib.o) (dmesg_main)
util-linux/lib.a(hexdump.o)   libbb/lib.a(appletlib.o) (hexdump_main)
[...]
Memory Configuration

Name             Origin             Length             Attributes
*default*        0x0000000000000000 0xffffffffffffffff

Linker script and memory map

LOAD /home/sun/workspace/sun/wrtnode/wrtnode/staging_dir/toolchain-mipsel_24kec+dsp_gcc-4.8-linaro_uClibc-0.9.33.2/lib/gcc/mipsel-openwrt-linux-uclibc/4.8.3/../../../../mipsel-openwrt-linux-uclibc/lib/crt1.o
LOAD /home/sun/workspace/sun/wrtnode/wrtnode/staging_dir/toolchain-mipsel_24kec+dsp_gcc-4.8-linaro_uClibc-0.9.33.2/lib/gcc/mipsel-openwrt-linux-uclibc/4.8.3/../../../../mipsel-openwrt-linux-uclibc/lib/crti.o
LOAD /home/sun/workspace/sun/wrtnode/wrtnode/staging_dir/toolchain-mipsel_24kec+dsp_gcc-4.8-linaro_uClibc-0.9.33.2/lib/gcc/mipsel-openwrt-linux-uclibc/4.8.3/crtbegin.o
START GROUP
LOAD applets/built-in.o
LOAD archival/lib.a
LOAD archival/libarchive/lib.a
LOAD console-tools/lib.a
LOAD coreutils/lib.a
LOAD coreutils/libcoreutils/lib.a
LOAD debianutils/lib.a
LOAD e2fsprogs/lib.a
LOAD editors/lib.a
LOAD findutils/lib.a
LOAD init/lib.a
LOAD libbb/lib.a
LOAD libpwdgrp/lib.a
LOAD loginutils/lib.a
LOAD mailutils/lib.a
LOAD miscutils/lib.a
LOAD modutils/lib.a
LOAD networking/lib.a
LOAD networking/libiproute/lib.a
LOAD networking/udhcp/lib.a
LOAD printutils/lib.a
LOAD procps/lib.a
LOAD runit/lib.a
LOAD selinux/lib.a
LOAD shell/lib.a
LOAD sysklogd/lib.a
LOAD util-linux/lib.a
LOAD util-linux/volume_id/lib.a
LOAD archival/built-in.o
LOAD archival/libarchive/built-in.o
LOAD console-tools/built-in.o
LOAD coreutils/built-in.o
LOAD coreutils/libcoreutils/built-in.o
LOAD debianutils/built-in.o
LOAD e2fsprogs/built-in.o
LOAD editors/built-in.o
LOAD findutils/built-in.o
LOAD init/built-in.o
LOAD libbb/built-in.o
LOAD libpwdgrp/built-in.o
LOAD loginutils/built-in.o
LOAD mailutils/built-in.o
LOAD miscutils/built-in.o
LOAD modutils/built-in.o
LOAD networking/built-in.o
LOAD networking/libiproute/built-in.o
LOAD networking/udhcp/built-in.o
LOAD printutils/built-in.o
LOAD procps/built-in.o
LOAD runit/built-in.o
LOAD selinux/built-in.o
LOAD shell/built-in.o
LOAD sysklogd/built-in.o
LOAD util-linux/built-in.o
LOAD util-linux/volume_id/built-in.o
END GROUP
START GROUP
LOAD /home/sun/workspace/sun/wrtnode/wrtnode/staging_dir/toolchain-mipsel_24kec+dsp_gcc-4.8-linaro_uClibc-0.9.33.2/lib/gcc/mipsel-openwrt-linux-uclibc/4.8.3/../../../../mipsel-openwrt-linux-uclibc/lib/libcrypt.so
LOAD /home/sun/workspace/sun/wrtnode/wrtnode/staging_dir/toolchain-mipsel_24kec+dsp_gcc-4.8-linaro_uClibc-0.9.33.2/lib/gcc/mipsel-openwrt-linux-uclibc/4.8.3/../../../../mipsel-openwrt-linux-uclibc/lib/libm.so
END GROUP
LOAD /home/sun/workspace/sun/wrtnode/wrtnode/staging_dir/toolchain-mipsel_24kec+dsp_gcc-4.8-linaro_uClibc-0.9.33.2/lib/gcc/mipsel-openwrt-linux-uclibc/4.8.3/../../../../mipsel-openwrt-linux-uclibc/lib/libgcc_s.so
LOAD /home/sun/workspace/sun/wrtnode/wrtnode/staging_dir/toolchain-mipsel_24kec+dsp_gcc-4.8-linaro_uClibc-0.9.33.2/lib/gcc/mipsel-openwrt-linux-uclibc/4.8.3/../../../../mipsel-openwrt-linux-uclibc/lib/libc.so
START GROUP
LOAD /home/sun/workspace/sun/wrtnode/wrtnode/staging_dir/toolchain-mipsel_24kec+dsp_gcc-4.8-linaro_uClibc-0.9.33.2/lib/gcc/mipsel-openwrt-linux-uclibc/4.8.3/../../../../mipsel-openwrt-linux-uclibc/lib/libc.so.0
LOAD /home/sun/workspace/sun/wrtnode/wrtnode/staging_dir/toolchain-mipsel_24kec+dsp_gcc-4.8-linaro_uClibc-0.9.33.2/lib/gcc/mipsel-openwrt-linux-uclibc/4.8.3/../../../../mipsel-openwrt-linux-uclibc/lib/uclibc_nonshared.a
LOAD /home/sun/workspace/sun/wrtnode/wrtnode/staging_dir/toolchain-mipsel_24kec+dsp_gcc-4.8-linaro_uClibc-0.9.33.2/lib/gcc/mipsel-openwrt-linux-uclibc/4.8.3/../../../../mipsel-openwrt-linux-uclibc/lib/ld-uClibc.so.0
END GROUP
LOAD /home/sun/workspace/sun/wrtnode/wrtnode/staging_dir/toolchain-mipsel_24kec+dsp_gcc-4.8-linaro_uClibc-0.9.33.2/lib/gcc/mipsel-openwrt-linux-uclibc/4.8.3/../../../../mipsel-openwrt-linux-uclibc/lib/libgcc_s.so
LOAD /home/sun/workspace/sun/wrtnode/wrtnode/staging_dir/toolchain-mipsel_24kec+dsp_gcc-4.8-linaro_uClibc-0.9.33.2/lib/gcc/mipsel-openwrt-linux-uclibc/4.8.3/crtend.o
LOAD /home/sun/workspace/sun/wrtnode/wrtnode/staging_dir/toolchain-mipsel_24kec+dsp_gcc-4.8-linaro_uClibc-0.9.33.2/lib/gcc/mipsel-openwrt-linux-uclibc/4.8.3/../../../../mipsel-openwrt-linux-uclibc/lib/crtn.o
                0x0000000000400000                PROVIDE (__executable_start, 0x400000)
                0x0000000000400114                . = (0x400000 + SIZEOF_HEADERS)

.interp         0x0000000000400114       0x14
 *(SORT(.interp))
 .interp        0x0000000000400114       0x14 /home/sun/workspace/sun/wrtnode/wrtnode/staging_dir/toolchain-mipsel_24kec+dsp_gcc-4.8-linaro_uClibc-0.9.33.2/lib/gcc/mipsel-openwrt-linux-uclibc/4.8.3/../../../../mipsel-openwrt-linux-uclibc/lib/crt1.o

.reginfo
 *(SORT(.reginfo))

.note.gnu.build-id
 *(SORT(.note.gnu.build-id))

.dynamic        0x0000000000400128      0x128
 *(SORT(.dynamic))
 .dynamic       0x0000000000400128      0x128 /home/sun/workspace/sun/wrtnode/wrtnode/staging_dir/toolchain-mipsel_24kec+dsp_gcc-4.8-linaro_uClibc-0.9.33.2/lib/gcc/mipsel-openwrt-linux-uclibc/4.8.3/../../../../mipsel-openwrt-linux-uclibc/lib/crt1.o
                0x0000000000400128                _DYNAMIC

.hash           0x0000000000400250      0x978
 *(SORT(.hash))
 .hash          0x0000000000400250      0x978 /home/sun/workspace/sun/wrtnode/wrtnode/staging_dir/toolchain-mipsel_24kec+dsp_gcc-4.8-linaro_uClibc-0.9.33.2/lib/gcc/mipsel-openwrt-linux-uclibc/4.8.3/../../../../mipsel-openwrt-linux-uclibc/lib/crt1.o

.gnu.hash
 *(SORT(.gnu.hash))

.dynsym         0x0000000000400bc8     0x1550
 *(SORT(.dynsym))
 .dynsym        0x0000000000400bc8     0x1550 /home/sun/workspace/sun/wrtnode/wrtnode/staging_dir/toolchain-mipsel_24kec+dsp_gcc-4.8-linaro_uClibc-0.9.33.2/lib/gcc/mipsel-openwrt-linux-uclibc/4.8.3/../../../../mipsel-openwrt-linux-uclibc/lib/crt1.o

.dynstr         0x0000000000402118      0xabb
 *(SORT(.dynstr))
 .dynstr        0x0000000000402118      0xabb /home/sun/workspace/sun/wrtnode/wrtnode/staging_dir/toolchain-mipsel_24kec+dsp_gcc-4.8-linaro_uClibc-0.9.33.2/lib/gcc/mipsel-openwrt-linux-uclibc/4.8.3/../../../../mipsel-openwrt-linux-uclibc/lib/crt1.o

.gnu.version    0x0000000000402bd4      0x2aa
 *(SORT(.gnu.version))
 .gnu.version   0x0000000000402bd4      0x2aa /home/sun/workspace/sun/wrtnode/wrtnode/staging_dir/toolchain-mipsel_24kec+dsp_gcc-4.8-linaro_uClibc-0.9.33.2/lib/gcc/mipsel-openwrt-linux-uclibc/4.8.3/../../../../mipsel-openwrt-linux-uclibc/lib/crt1.o

.gnu.version_d  0x0000000000402e80        0x0
 *(SORT(.gnu.version_d))
 .gnu.version_d
                0x0000000000000000        0x0 /home/sun/workspace/sun/wrtnode/wrtnode/staging_dir/toolchain-mipsel_24kec+dsp_gcc-4.8-linaro_uClibc-0.9.33.2/lib/gcc/mipsel-openwrt-linux-uclibc/4.8.3/../../../../mipsel-openwrt-linux-uclibc/lib/crt1.o

.gnu.version_r  0x0000000000402e80       0x40
 *(SORT(.gnu.version_r))
 .gnu.version_r
                0x0000000000402e80       0x40 /home/sun/workspace/sun/wrtnode/wrtnode/staging_dir/toolchain-mipsel_24kec+dsp_gcc-4.8-linaro_uClibc-0.9.33.2/lib/gcc/mipsel-openwrt-linux-uclibc/4.8.3/../../../../mipsel-openwrt-linux-uclibc/lib/crt1.o

.rel.dyn        0x0000000000402ec0       0x58
 *(SORT(.rel.init))
 *(SORT(.rel.text) SORT(.rel.text.*) SORT(.rel.gnu.linkonce.t.*))
 *(SORT(.rel.fini))
 *(SORT(.rel.rodata) SORT(.rel.rodata.*) SORT(.rel.gnu.linkonce.r.*))
 *(SORT(.rel.data.rel.ro*) SORT(.rel.gnu.linkonce.d.rel.ro.*))
 *(SORT(.rel.data) SORT(.rel.data.*) SORT(.rel.gnu.linkonce.d.*))
 *(SORT(.rel.tdata) SORT(.rel.tdata.*) SORT(.rel.gnu.linkonce.td.*))
 *(SORT(.rel.tbss) SORT(.rel.tbss.*) SORT(.rel.gnu.linkonce.tb.*))
 *(SORT(.rel.ctors))
 *(SORT(.rel.dtors))
 *(SORT(.rel.got))
 *(SORT(.rel.dyn))
 .rel.dyn       0x0000000000402ec0       0x58 /home/sun/workspace/sun/wrtnode/wrtnode/staging_dir/toolchain-mipsel_24kec+dsp_gcc-4.8-linaro_uClibc-0.9.33.2/lib/gcc/mipsel-openwrt-linux-uclibc/4.8.3/../../../../mipsel-openwrt-linux-uclibc/lib/crt1.o
 *(SORT(.rel.sdata) SORT(.rel.sdata.*) SORT(.rel.gnu.linkonce.s.*))
 *(SORT(.rel.sbss) SORT(.rel.sbss.*) SORT(.rel.gnu.linkonce.sb.*))
 *(SORT(.rel.sdata2) SORT(.rel.sdata2.*) SORT(.rel.gnu.linkonce.s2.*))
 *(SORT(.rel.sbss2) SORT(.rel.sbss2.*) SORT(.rel.gnu.linkonce.sb2.*))
 *(SORT(.rel.bss) SORT(.rel.bss.*) SORT(.rel.gnu.linkonce.b.*))
 .rel.bss       0x0000000000000000        0x0 /home/sun/workspace/sun/wrtnode/wrtnode/staging_dir/toolchain-mipsel_24kec+dsp_gcc-4.8-linaro_uClibc-0.9.33.2/lib/gcc/mipsel-openwrt-linux-uclibc/4.8.3/../../../../mipsel-openwrt-linux-uclibc/lib/crt1.o
                0x0000000000402f18                PROVIDE (__rel_iplt_start, .)
 *(SORT(.rel.iplt))
                0x0000000000402f18                PROVIDE (__rel_iplt_end, .)
                0x0000000000402f18                PROVIDE (__rela_iplt_start, .)
                0x0000000000402f18                PROVIDE (__rela_iplt_end, .)

.rela.dyn       0x0000000000402f18        0x0
 *(SORT(.rela.init))
 *(SORT(.rela.text) SORT(.rela.text.*) SORT(.rela.gnu.linkonce.t.*))
 *(SORT(.rela.fini))
 *(SORT(.rela.rodata) SORT(.rela.rodata.*) SORT(.rela.gnu.linkonce.r.*))
 *(SORT(.rela.data) SORT(.rela.data.*) SORT(.rela.gnu.linkonce.d.*))
 *(SORT(.rela.tdata) SORT(.rela.tdata.*) SORT(.rela.gnu.linkonce.td.*))
 *(SORT(.rela.tbss) SORT(.rela.tbss.*) SORT(.rela.gnu.linkonce.tb.*))
 *(SORT(.rela.ctors))
 *(SORT(.rela.dtors))
 *(SORT(.rela.got))
 *(SORT(.rela.sdata) SORT(.rela.sdata.*) SORT(.rela.gnu.linkonce.s.*))
 *(SORT(.rela.sbss) SORT(.rela.sbss.*) SORT(.rela.gnu.linkonce.sb.*))
 *(SORT(.rela.sdata2) SORT(.rela.sdata2.*) SORT(.rela.gnu.linkonce.s2.*))
 *(SORT(.rela.sbss2) SORT(.rela.sbss2.*) SORT(.rela.gnu.linkonce.sb2.*))
 *(SORT(.rela.bss) SORT(.rela.bss.*) SORT(.rela.gnu.linkonce.b.*))
                0x0000000000402f18                PROVIDE (__rel_iplt_start, .)
                0x0000000000402f18                PROVIDE (__rel_iplt_end, .)
                0x0000000000402f18                PROVIDE (__rela_iplt_start, .)
 *(SORT(.rela.iplt))
                0x0000000000402f18                PROVIDE (__rela_iplt_end, .)

.rel.plt        0x0000000000402f18      0x9c8
 *(SORT(.rel.plt))
 .rel.plt       0x0000000000402f18      0x9c8 /home/sun/workspace/sun/wrtnode/wrtnode/staging_dir/toolchain-mipsel_24kec+dsp_gcc-4.8-linaro_uClibc-0.9.33.2/lib/gcc/mipsel-openwrt-linux-uclibc/4.8.3/../../../../mipsel-openwrt-linux-uclibc/lib/crt1.o

.rela.plt
 *(SORT(.rela.plt))

.init           0x00000000004038e0       0x48
 *(SORT(.init))
 .init          0x00000000004038e0       0x1c /home/sun/workspace/sun/wrtnode/wrtnode/staging_dir/toolchain-mipsel_24kec+dsp_gcc-4.8-linaro_uClibc-0.9.33.2/lib/gcc/mipsel-openwrt-linux-uclibc/4.8.3/../../../../mipsel-openwrt-linux-uclibc/lib/crti.o
                0x00000000004038e0                _init
 .init          0x00000000004038fc        0xc /home/sun/workspace/sun/wrtnode/wrtnode/staging_dir/toolchain-mipsel_24kec+dsp_gcc-4.8-linaro_uClibc-0.9.33.2/lib/gcc/mipsel-openwrt-linux-uclibc/4.8.3/../../../../mipsel-openwrt-linux-uclibc/lib/crtn.o
 .init          0x0000000000403908       0x10 /home/sun/workspace/sun/wrtnode/wrtnode/staging_dir/toolchain-mipsel_24kec+dsp_gcc-4.8-linaro_uClibc-0.9.33.2/lib/gcc/mipsel-openwrt-linux-uclibc/4.8.3/crtbegin.o
 .init          0x0000000000403918       0x10 /home/sun/workspace/sun/wrtnode/wrtnode/staging_dir/toolchain-mipsel_24kec+dsp_gcc-4.8-linaro_uClibc-0.9.33.2/lib/gcc/mipsel-openwrt-linux-uclibc/4.8.3/crtend.o

.plt            0x0000000000403940     0x13b0
 *(SORT(.plt))
 *fill*         0x0000000000403940        0x0 00
 .plt           0x0000000000403940     0x13b0 /home/sun/workspace/sun/wrtnode/wrtnode/staging_dir/toolchain-mipsel_24kec+dsp_gcc-4.8-linaro_uClibc-0.9.33.2/lib/gcc/mipsel-openwrt-linux-uclibc/4.8.3/../../../../mipsel-openwrt-linux-uclibc/lib/crt1.o
                0x0000000000403940                _PROCEDURE_LINKAGE_TABLE_
                0x0000000000403960                longjmp
                0x0000000000403970                stpcpy
                0x0000000000403980                __umoddi3@@GLIBC_2.0
                0x0000000000403990                chroot
                0x00000000004039a0                strcpy
                0x00000000004039b0                setrlimit64
                0x00000000004039c0                unsetenv
                0x00000000004039d0                log
                0x00000000004039e0                mkstemp64
                0x00000000004039f0                sqrt
                0x0000000000403a00                waitpid
                0x0000000000403a10                __divdi3@@GLIBC_2.0
                0x0000000000403a20                ioctl
                0x0000000000403a30                if_indextoname
                0x0000000000403a40                getgid
                0x0000000000403a50                popen
                0x0000000000403a60                sysconf
                0x0000000000403a70                printf
                0x0000000000403a80                vsprintf
                0x0000000000403a90                random
                0x0000000000403aa0                getspnam_r
                0x0000000000403ab0                __divdf3@@GCC_3.0
                0x0000000000403ac0                recv
                0x0000000000403ad0                connect
                0x0000000000403ae0                ungetc
                0x0000000000403af0                utimes
                0x0000000000403b00                strerror
                0x0000000000403b10                memrchr
                0x0000000000403b20                geteuid
                0x0000000000403b30                inet_pton
                0x0000000000403b40                stat64
                0x0000000000403b50                memmove
                0x0000000000403b60                pclose
                0x0000000000403b70                getopt_long
                0x0000000000403b80                snprintf
                0x0000000000403b90                __gedf2@@GCC_3.0
                0x0000000000403ba0                mknod
                0x0000000000403bb0                getgrgid
                0x0000000000403bc0                times
                0x0000000000403bd0                statfs64
                0x0000000000403be0                getenv
                0x0000000000403bf0                fchmod
                0x0000000000403c00                getegid
                0x0000000000403c10                setlinebuf
                0x0000000000403c20                setpriority
                0x0000000000403c30                getpriority
                0x0000000000403c40                __subdf3@@GCC_3.0
                0x0000000000403c50                bsearch
                0x0000000000403c60                usleep
                0x0000000000403c70                execve
                0x0000000000403c80                getpagesize
                0x0000000000403c90                getpid
                0x0000000000403ca0                qsort
                0x0000000000403cb0                fchown
                0x0000000000403cc0                fscanf
                0x0000000000403cd0                dirname
                0x0000000000403ce0                fcntl64
                0x0000000000403cf0                getrlimit64
                0x0000000000403d00                memcpy
                0x0000000000403d10                execl
                0x0000000000403d20                perror
                0x0000000000403d30                readlink
                0x0000000000403d40                puts
                0x0000000000403d50                dup2
                0x0000000000403d60                tcflush
                0x0000000000403d70                getuid
                0x0000000000403d80                system
                0x0000000000403d90                feof
                0x0000000000403da0                malloc
                0x0000000000403db0                isatty
                0x0000000000403dc0                siglongjmp
                0x0000000000403dd0                sleep
                0x0000000000403de0                sysinfo
                0x0000000000403df0                vsnprintf
                0x0000000000403e00                strtoll
                0x0000000000403e10                recvfrom
                0x0000000000403e20                pivot_root
                0x0000000000403e30                strtoul
                0x0000000000403e40                mktemp
                0x0000000000403e50                gethostbyaddr
                0x0000000000403e60                settimeofday
                0x0000000000403e70                rmdir
                0x0000000000403e80                socket
                0x0000000000403e90                select
                0x0000000000403ea0                lchown
                0x0000000000403eb0                setgroups
                0x0000000000403ec0                mempcpy
                0x0000000000403ed0                fflush
                0x0000000000403ee0                realpath
                0x0000000000403ef0                putenv
                0x0000000000403f00                sigaddset
                0x0000000000403f10                clearenv
                0x0000000000403f20                chown
                0x0000000000403f30                strncasecmp
                0x0000000000403f40                setpgid
                0x0000000000403f50                freeaddrinfo
                0x0000000000403f60                __fgetc_unlocked
                0x0000000000403f70                gmtime_r
                0x0000000000403f80                chmod
                0x0000000000403f90                getnameinfo
                0x0000000000403fa0                __floatunsidf@@GCC_4.2.0
                0x0000000000403fb0                fstat64
                0x0000000000403fc0                alarm
                0x0000000000403fd0                strtol
                0x0000000000403fe0                __sigsetjmp
                0x0000000000403ff0                pipe
                0x0000000000404000                getpgrp
                0x0000000000404010                strnlen
                0x0000000000404020                uname
                0x0000000000404030                accept
                0x0000000000404040                rename
                0x0000000000404050                strrchr
                0x0000000000404060                __fixdfdi@@GCC_3.0
                0x0000000000404070                strtod
                0x0000000000404080                gai_strerror
                0x0000000000404090                write
                0x00000000004040a0                fdatasync
                0x00000000004040b0                fprintf
                0x00000000004040c0                __gtdf2@@GCC_3.0
                0x00000000004040d0                kill
                0x00000000004040e0                fputs_unlocked
                0x00000000004040f0                ctime
                0x0000000000404100                strcat
                0x0000000000404110                bind
                0x0000000000404120                getmntent_r
                0x0000000000404130                inet_addr
                0x0000000000404140                vprintf
                0x0000000000404150                umount2
                0x0000000000404160                mkfifo
                0x0000000000404170                if_nametoindex
                0x0000000000404180                reboot
                0x0000000000404190                chdir
                0x00000000004041a0                initgroups
                0x00000000004041b0                endgrent
                0x00000000004041c0                setsockopt
                0x00000000004041d0                wait3
                0x00000000004041e0                cos
                0x00000000004041f0                memchr
                0x0000000000404200                __eqdf2@@GCC_3.0
                0x0000000000404210                wait
                0x0000000000404220                __lshrdi3@@GCC_3.0
                0x0000000000404230                umask
                0x0000000000404240                __ashldi3@@GCC_3.0
                0x0000000000404250                dprintf
                0x0000000000404260                mktime
                0x0000000000404270                strcasestr
                0x0000000000404280                ferror
                0x0000000000404290                strstr
                0x00000000004042a0                unlockpt
                0x00000000004042b0                sin
                0x00000000004042c0                rand
                0x00000000004042d0                flock
                0x00000000004042e0                setgid
                0x00000000004042f0                atan2
                0x0000000000404300                signal
                0x0000000000404310                read
                0x0000000000404320                openlog
                0x0000000000404330                sendmsg
                0x0000000000404340                closelog
                0x0000000000404350                strncmp
                0x0000000000404360                __cmsg_nxthdr
                0x0000000000404370                setpgrp
                0x0000000000404380                pow
                0x0000000000404390                strncpy
                0x00000000004043a0                unlink
                0x00000000004043b0                sync
                0x00000000004043c0                setenv
                0x00000000004043d0                freopen64
                0x00000000004043e0                __floatsidf@@GCC_3.0
                0x00000000004043f0                strcasecmp
                0x0000000000404400                sendto
                0x0000000000404410                realloc
                0x0000000000404420                __udivdi3@@GLIBC_2.0
                0x0000000000404430                readdir64
                0x0000000000404440                strtok
                0x0000000000404450                memcmp
                0x0000000000404460                listen
                0x0000000000404470                crypt
                0x0000000000404480                fdopen
                0x0000000000404490                fork
                0x00000000004044a0                sscanf
                0x00000000004044b0                execv
                0x00000000004044c0                setmntent
                0x00000000004044d0                __truncdfsf2@@GCC_3.0
                0x00000000004044e0                lstat64
                0x00000000004044f0                execlp
                0x0000000000404500                sigaction
                0x0000000000404510                endmntent
                0x0000000000404520                __res_init
                0x0000000000404530                killpg
                0x0000000000404540                fread
                0x0000000000404550                ttyname_r
                0x0000000000404560                strdup
                0x0000000000404570                inet_aton
                0x0000000000404580                strtoull
                0x0000000000404590                regcomp
                0x00000000004045a0                symlink
                0x00000000004045b0                gettimeofday
                0x00000000004045c0                getopt
                0x00000000004045d0                localtime
                0x00000000004045e0                memset
                0x00000000004045f0                fnmatch
                0x0000000000404600                cfmakeraw
                0x0000000000404610                __muldf3@@GCC_3.0
                0x0000000000404620                getsid
                0x0000000000404630                srand
                0x0000000000404640                __ltdf2@@GCC_3.0
                0x0000000000404650                clearerr
                0x0000000000404660                mallopt
                0x0000000000404670                fclose
                0x0000000000404680                grantpt
                0x0000000000404690                open64
                0x00000000004046a0                inet_ntoa
                0x00000000004046b0                getppid
                0x00000000004046c0                tcgetattr
                0x00000000004046d0                getservbyport
                0x00000000004046e0                regexec
                0x00000000004046f0                time
                0x0000000000404700                opendir
                0x0000000000404710                getgroups
                0x0000000000404720                poll
                0x0000000000404730                getgrouplist
                0x0000000000404740                syslog
                0x0000000000404750                seteuid
                0x0000000000404760                exp
                0x0000000000404770                mount
                0x0000000000404780                strcmp
                0x0000000000404790                shutdown
                0x00000000004047a0                getpwuid
                0x00000000004047b0                dup
                0x00000000004047c0                getcwd
                0x00000000004047d0                __ledf2@@GCC_3.0
                0x00000000004047e0                __ashrdi3@@GCC_3.0
                0x00000000004047f0                __res_state
                0x0000000000404800                gethostbyname
                0x0000000000404810                strsignal
                0x0000000000404820                getpwnam
                0x0000000000404830                getservbyname
                0x0000000000404840                sprintf
                0x0000000000404850                strcspn
                0x0000000000404860                getpeername
                0x0000000000404870                regerror
                0x0000000000404880                umount
                0x0000000000404890                mmap64
                0x00000000004048a0                vfork
                0x00000000004048b0                srandom
                0x00000000004048c0                strsep
                0x00000000004048d0                __fixdfsi@@GCC_3.0
                0x00000000004048e0                fsync
                0x00000000004048f0                __adddf3@@GCC_3.0
                0x0000000000404900                localtime_r
                0x0000000000404910                getaddrinfo
                0x0000000000404920                __moddi3@@GLIBC_2.0
                0x0000000000404930                strftime
                0x0000000000404940                mkdtemp
                0x0000000000404950                getmntent
                0x0000000000404960                fwrite
                0x0000000000404970                access
                0x0000000000404980                __extendsfdf2@@GCC_3.0
                0x0000000000404990                strptime
                0x00000000004049a0                __floatdidf@@GCC_3.0
                0x00000000004049b0                tcgetpgrp
                0x00000000004049c0                __errno_location
                0x00000000004049d0                link
                0x00000000004049e0                exit
                0x00000000004049f0                __fixunsdfsi@@GCC_3.0
                0x0000000000404a00                ether_ntoa
                0x0000000000404a10                stime
                0x0000000000404a20                klogctl
                0x0000000000404a30                setbuf
                0x0000000000404a40                inet_ntop
                0x0000000000404a50                getgrnam
                0x0000000000404a60                atoi
                0x0000000000404a70                fileno
                0x0000000000404a80                _setjmp
                0x0000000000404a90                fgets_unlocked
                0x0000000000404aa0                getline
                0x0000000000404ab0                _exit
                0x0000000000404ac0                strverscmp
                0x0000000000404ad0                strspn
                0x0000000000404ae0                __nedf2@@GCC_3.0
                0x0000000000404af0                strlen
                0x0000000000404b00                lseek64
                0x0000000000404b10                ptsname_r
                0x0000000000404b20                regfree
                0x0000000000404b30                strchr
                0x0000000000404b40                fputs
                0x0000000000404b50                adjtimex
                0x0000000000404b60                execvp
                0x0000000000404b70                setsid
                0x0000000000404b80                setegid
                0x0000000000404b90                closedir
                0x0000000000404ba0                vasprintf
                0x0000000000404bb0                recvmsg
                0x0000000000404bc0                strchrnul
                0x0000000000404bd0                tzset
                0x0000000000404be0                setuid
                0x0000000000404bf0                gethostid
                0x0000000000404c00                fseeko64
                0x0000000000404c10                tcsetattr
                0x0000000000404c20                mkdir
                0x0000000000404c30                close
                0x0000000000404c40                vfprintf
                0x0000000000404c50                strpbrk
                0x0000000000404c60                tcsetpgrp
                0x0000000000404c70                sigsuspend
                0x0000000000404c80                raise
                0x0000000000404c90                free
                0x0000000000404ca0                sigprocmask
                0x0000000000404cb0                __fputc_unlocked
                0x0000000000404cc0                getsockname
                0x0000000000404cd0                fopen64
                0x0000000000404ce0                ftruncate64

.iplt
 *(SORT(.iplt))

.text           0x0000000000404cf0    0x5454c
                0x0000000000404cf0                _ftext = .
 *(SORT(.text.unlikely) SORT(.text.*_unlikely))
 *(SORT(.text.exit) SORT(.text.exit.*))
 *(SORT(.text.startup) SORT(.text.startup.*))
 *(SORT(.text.hot) SORT(.text.hot.*))
 *(SORT(.text) SORT(.stub) SORT(.text.*) SORT(.gnu.linkonce.t.*))
 .text          0x0000000000404cf0       0x60 /home/sun/workspace/sun/wrtnode/wrtnode/staging_dir/toolchain-mipsel_24kec+dsp_gcc-4.8-linaro_uClibc-0.9.33.2/lib/gcc/mipsel-openwrt-linux-uclibc/4.8.3/../../../../mipsel-openwrt-linux-uclibc/lib/crt1.o
                0x0000000000404cf0                __start
 .text          0x0000000000404d50      0x140 /home/sun/workspace/sun/wrtnode/wrtnode/staging_dir/toolchain-mipsel_24kec+dsp_gcc-4.8-linaro_uClibc-0.9.33.2/lib/gcc/mipsel-openwrt-linux-uclibc/4.8.3/crtbegin.o
 .text          0x0000000000404e90       0x50 /home/sun/workspace/sun/wrtnode/wrtnode/staging_dir/toolchain-mipsel_24kec+dsp_gcc-4.8-linaro_uClibc-0.9.33.2/lib/gcc/mipsel-openwrt-linux-uclibc/4.8.3/crtend.o
 .text.applet_name_compare
                0x0000000000404ee0       0x2c libbb/lib.a(appletlib.o)
 .text.find_applet_by_name
                0x0000000000404f0c       0x34 libbb/lib.a(appletlib.o)
                0x0000000000404f0c                find_applet_by_name
 .text.bb_show_usage
                0x0000000000404f40      0x100 libbb/lib.a(appletlib.o)
                0x0000000000404f40                bb_show_usage
 .text.lbb_prepare
                0x0000000000405040       0x34 libbb/lib.a(appletlib.o)
                0x0000000000405040                lbb_prepare
 .text.run_applet_no_and_exit
                0x0000000000405074      0x130 libbb/lib.a(appletlib.o)
                0x0000000000405074                run_applet_no_and_exit
 .text.run_applet_and_exit
                0x00000000004051a4      0x25c libbb/lib.a(appletlib.o)
                0x00000000004051a4                run_applet_and_exit
 .text.main     0x0000000000405400       0x98 libbb/lib.a(appletlib.o)
                0x0000000000405400                main
 .text.bb_basename
                0x0000000000405498       0x34 libbb/lib.a(get_last_path_component.o)
                0x0000000000405498                bb_basename
 .text.bb_get_last_path_component_nostrip
                0x00000000004054cc       0x4c libbb/lib.a(get_last_path_component.o)
                0x00000000004054cc                bb_get_last_path_component_nostrip
 .text.bb_get_last_path_component_strip
                0x0000000000405518       0x50 libbb/lib.a(get_last_path_component.o)
                0x0000000000405518                bb_get_last_path_component_strip
 .text.last_char_is
                0x0000000000405568       0x5c libbb/lib.a(last_char_is.o)
                0x0000000000405568                last_char_is
 .text.bb_verror_msg
                0x00000000004055c4      0x204 libbb/lib.a(verror_msg.o)
                0x00000000004055c4                bb_verror_msg
 .text.bb_error_msg_and_die
                0x00000000004057c8       0x2c libbb/lib.a(verror_msg.o)
                0x00000000004057c8                bb_error_msg_and_die
 .text.bb_error_msg
                0x00000000004057f4       0x30 libbb/lib.a(verror_msg.o)
                0x00000000004057f4                bb_error_msg
 .text.xfunc_die
                0x0000000000405824       0x48 libbb/lib.a(xfunc_die.o)
                0x0000000000405824                xfunc_die
 .text.ndelay_on
                0x000000000040586c       0x48 libbb/lib.a(xfuncs.o)
                0x000000000040586c                ndelay_on
 .text.ndelay_off
                0x00000000004058b4       0x4c libbb/lib.a(xfuncs.o)
                0x00000000004058b4                ndelay_off
 .text.close_on_exec_on
                0x0000000000405900        0xc libbb/lib.a(xfuncs.o)
                0x0000000000405900                close_on_exec_on
 .text.strncpy_IFNAMSIZ
                0x000000000040590c        0x8 libbb/lib.a(xfuncs.o)
                0x000000000040590c                strncpy_IFNAMSIZ
 .text.utoa_to_buf
                0x0000000000405914       0x7c libbb/lib.a(xfuncs.o)
                0x0000000000405914                utoa_to_buf
 .text.itoa_to_buf
                0x0000000000405990       0x34 libbb/lib.a(xfuncs.o)
                0x0000000000405990                itoa_to_buf
 .text.utoa     0x00000000004059c4       0x34 libbb/lib.a(xfuncs.o)
                0x00000000004059c4                utoa
 .text.itoa     0x00000000004059f8       0x34 libbb/lib.a(xfuncs.o)
                0x00000000004059f8                itoa
 .text.bin2hex  0x0000000000405a2c       0x50 libbb/lib.a(xfuncs.o)
                0x0000000000405a2c                bin2hex
 .text.hex2bin  0x0000000000405a7c       0xf4 libbb/lib.a(xfuncs.o)
                0x0000000000405a7c                hex2bin
 .text.bb_putchar_stderr
                0x0000000000405b70       0x28 libbb/lib.a(xfuncs.o)
                0x0000000000405b70                bb_putchar_stderr
 .text.full_write1_str
                0x0000000000405b98       0x30 libbb/lib.a(xfuncs.o)
                0x0000000000405b98                full_write1_str
 .text.full_write2_str
                0x0000000000405bc8       0x30 libbb/lib.a(xfuncs.o)
                0x0000000000405bc8                full_write2_str
 .text.get_terminal_width_height
                0x0000000000405bf8       0xf8 libbb/lib.a(xfuncs.o)
                0x0000000000405bf8                get_terminal_width_height
 .text.tcsetattr_stdin_TCSANOW
                0x0000000000405cf0       0x10 libbb/lib.a(xfuncs.o)
                0x0000000000405cf0                tcsetattr_stdin_TCSANOW
 .text.safe_waitpid
                0x0000000000405d00       0x80 libbb/lib.a(xfuncs.o)
                0x0000000000405d00                safe_waitpid
 .text.wait_any_nohang
                0x0000000000405d80       0x10 libbb/lib.a(xfuncs.o)
                0x0000000000405d80                wait_any_nohang
 .text.wait4pid
                0x0000000000405d90       0x70 libbb/lib.a(xfuncs.o)
                0x0000000000405d90                wait4pid
 .text.malloc_or_warn
                0x0000000000405e00       0x4c libbb/lib.a(xfuncs_printf.o)
                0x0000000000405e00                malloc_or_warn
 .text.xmalloc  0x0000000000405e4c       0x38 libbb/lib.a(xfuncs_printf.o)
                0x0000000000405e4c                xmalloc
 .text.xrealloc
                0x0000000000405e84       0x38 libbb/lib.a(xfuncs_printf.o)
                0x0000000000405e84                xrealloc
 .text.xzalloc  0x0000000000405ebc       0x44 libbb/lib.a(xfuncs_printf.o)
                0x0000000000405ebc                xzalloc
 .text.xstrdup  0x0000000000405f00       0x3c libbb/lib.a(xfuncs_printf.o)
                0x0000000000405f00                xstrdup
 .text.xstrndup
                0x0000000000405f3c       0x68 libbb/lib.a(xfuncs_printf.o)
                0x0000000000405f3c                xstrndup
 .text.xfopen   0x0000000000405fa4       0x38 libbb/lib.a(xfuncs_printf.o)
                0x0000000000405fa4                xfopen
 .text.xopen3   0x0000000000405fdc       0x38 libbb/lib.a(xfuncs_printf.o)
                0x0000000000405fdc                xopen3
 .text.xopen    0x0000000000406014        0x8 libbb/lib.a(xfuncs_printf.o)
                0x0000000000406014                xopen
 .text.open3_or_warn
                0x000000000040601c       0x48 libbb/lib.a(xfuncs_printf.o)
                0x000000000040601c                open3_or_warn
 .text.open_or_warn
                0x0000000000406064        0x8 libbb/lib.a(xfuncs_printf.o)
                0x0000000000406064                open_or_warn
 .text.xunlink  0x000000000040606c       0x38 libbb/lib.a(xfuncs_printf.o)
                0x000000000040606c                xunlink
 .text.xrename  0x00000000004060a4       0x48 libbb/lib.a(xfuncs_printf.o)
                0x00000000004060a4                xrename
 .text.xpipe    0x00000000004060ec       0x2c libbb/lib.a(xfuncs_printf.o)
                0x00000000004060ec                xpipe
 .text.xdup2    0x0000000000406118       0x34 libbb/lib.a(xfuncs_printf.o)
                0x0000000000406118                xdup2
 .text.xmove_fd
                0x000000000040614c       0x40 libbb/lib.a(xfuncs_printf.o)
                0x000000000040614c                xmove_fd
 .text.xwrite   0x000000000040618c       0x3c libbb/lib.a(xfuncs_printf.o)
                0x000000000040618c                xwrite
 .text.xwrite_str
                0x00000000004061c8       0x40 libbb/lib.a(xfuncs_printf.o)
                0x00000000004061c8                xwrite_str
 .text.xclose   0x0000000000406208       0x2c libbb/lib.a(xfuncs_printf.o)
                0x0000000000406208                xclose
 .text.xlseek   0x0000000000406234       0x74 libbb/lib.a(xfuncs_printf.o)
                0x0000000000406234                xlseek
 .text.xmkstemp
                0x00000000004062a8       0x38 libbb/lib.a(xfuncs_printf.o)
                0x00000000004062a8                xmkstemp
 .text.die_if_ferror
                0x00000000004062e0       0x38 libbb/lib.a(xfuncs_printf.o)
                0x00000000004062e0                die_if_ferror
 .text.die_if_ferror_stdout
                0x0000000000406318       0x14 libbb/lib.a(xfuncs_printf.o)
                0x0000000000406318                die_if_ferror_stdout
 .text.fflush_all
                0x000000000040632c        0x8 libbb/lib.a(xfuncs_printf.o)
                0x000000000040632c                fflush_all
 .text.bb_putchar
                0x0000000000406334       0x38 libbb/lib.a(xfuncs_printf.o)
                0x0000000000406334                bb_putchar
 .text.xasprintf
                0x000000000040636c       0x48 libbb/lib.a(xfuncs_printf.o)
                0x000000000040636c                xasprintf
 .text.xsetenv  0x00000000004063b4       0x2c libbb/lib.a(xfuncs_printf.o)
                0x00000000004063b4                xsetenv
 .text.bb_unsetenv
                0x00000000004063e0       0x58 libbb/lib.a(xfuncs_printf.o)
                0x00000000004063e0                bb_unsetenv
 .text.bb_unsetenv_and_free
                0x0000000000406438       0x28 libbb/lib.a(xfuncs_printf.o)
                0x0000000000406438                bb_unsetenv_and_free
 .text.xsetgid  0x0000000000406460       0x2c libbb/lib.a(xfuncs_printf.o)
                0x0000000000406460                xsetgid
 .text.xsetuid  0x000000000040648c       0x2c libbb/lib.a(xfuncs_printf.o)
                0x000000000040648c                xsetuid
 .text.xsetegid
                0x00000000004064b8       0x2c libbb/lib.a(xfuncs_printf.o)
                0x00000000004064b8                xsetegid
 .text.xseteuid
                0x00000000004064e4       0x2c libbb/lib.a(xfuncs_printf.o)
                0x00000000004064e4                xseteuid
 .text.xopen_as_uid_gid
                0x0000000000406510       0x98 libbb/lib.a(xfuncs_printf.o)
                0x0000000000406510                xopen_as_uid_gid
 .text.xchdir   0x00000000004065a8       0x38 libbb/lib.a(xfuncs_printf.o)
                0x00000000004065a8                xchdir
 .text.xchroot  0x00000000004065e0       0x40 libbb/lib.a(xfuncs_printf.o)
                0x00000000004065e0                xchroot
 .text.warn_opendir
                0x0000000000406620       0x48 libbb/lib.a(xfuncs_printf.o)
                0x0000000000406620                warn_opendir
 .text.xopendir
                0x0000000000406668       0x38 libbb/lib.a(xfuncs_printf.o)
                0x0000000000406668                xopendir
 .text.xsocket  0x00000000004066a0       0x98 libbb/lib.a(xfuncs_printf.o)
                0x00000000004066a0                xsocket
 .text.xbind    0x0000000000406738       0x2c libbb/lib.a(xfuncs_printf.o)
                0x0000000000406738                xbind
 .text.xlisten  0x0000000000406764       0x2c libbb/lib.a(xfuncs_printf.o)
                0x0000000000406764                xlisten
 .text.xsendto  0x0000000000406790       0x38 libbb/lib.a(xfuncs_printf.o)
                0x0000000000406790                xsendto
 .text.xstat    0x00000000004067c8       0x38 libbb/lib.a(xfuncs_printf.o)
                0x00000000004067c8                xstat
 .text.xfstat   0x0000000000406800       0x30 libbb/lib.a(xfuncs_printf.o)
                0x0000000000406800                xfstat
 .text.ioctl_or_perror_and_die
                0x0000000000406830       0x60 libbb/lib.a(xfuncs_printf.o)
                0x0000000000406830                ioctl_or_perror_and_die
 .text.ioctl_or_perror
                0x0000000000406890       0x68 libbb/lib.a(xfuncs_printf.o)
                0x0000000000406890                ioctl_or_perror
 .text.bb_ioctl_or_warn
                0x00000000004068f8       0x40 libbb/lib.a(xfuncs_printf.o)
                0x00000000004068f8                bb_ioctl_or_warn
 .text.bb_xioctl
                0x0000000000406938       0x30 libbb/lib.a(xfuncs_printf.o)
                0x0000000000406938                bb_xioctl
 .text.xmalloc_ttyname
                0x0000000000406968       0x38 libbb/lib.a(xfuncs_printf.o)
                0x0000000000406968                xmalloc_ttyname
 .text.xfork    0x00000000004069a0       0x2c libbb/lib.a(xfuncs_printf.o)
                0x00000000004069a0                xfork
 .text.bb_full_fd_action
                0x00000000004069cc      0x188 libbb/lib.a(copyfd.o)
 .text.bb_copyfd_size
                0x0000000000406b54       0x20 libbb/lib.a(copyfd.o)
                0x0000000000406b54                bb_copyfd_size
 .text.bb_copyfd_exact_size
                0x0000000000406b74       0x7c libbb/lib.a(copyfd.o)
                0x0000000000406b74                bb_copyfd_exact_size
 .text.bb_copyfd_eof
                0x0000000000406bf0        0xc libbb/lib.a(copyfd.o)
                0x0000000000406bf0                bb_copyfd_eof
 .text.full_write
                0x0000000000406bfc       0x78 libbb/lib.a(full_write.o)
                0x0000000000406bfc                full_write
 .text.bb_perror_msg
                0x0000000000406c74       0x68 libbb/lib.a(perror_msg.o)
                0x0000000000406c74                bb_perror_msg
 .text.bb_perror_msg_and_die
                0x0000000000406cdc       0x5c libbb/lib.a(perror_msg.o)
                0x0000000000406cdc                bb_perror_msg_and_die
 .text.bb_simple_perror_msg
                0x0000000000406d38       0x10 libbb/lib.a(perror_msg.o)
                0x0000000000406d38                bb_simple_perror_msg
 .text.bb_simple_perror_msg_and_die
                0x0000000000406d48       0x18 libbb/lib.a(perror_msg.o)
                0x0000000000406d48                bb_simple_perror_msg_and_die
 .text.safe_read
                0x0000000000406d60       0x74 libbb/lib.a(read.o)
                0x0000000000406d60                safe_read
 .text.full_read
                0x0000000000406dd4       0x80 libbb/lib.a(read.o)
                0x0000000000406dd4                full_read
 .text.read_close
                0x0000000000406e54       0x3c libbb/lib.a(read.o)
                0x0000000000406e54                read_close
 .text.open_read_close
                0x0000000000406e90       0x58 libbb/lib.a(read.o)
                0x0000000000406e90                open_read_close
 .text.safe_write
                0x0000000000406ee8       0x74 libbb/lib.a(safe_write.o)
                0x0000000000406ee8                safe_write
 .text.parse_datestr
                0x0000000000406f5c      0x4e8 libbb/lib.a(time.o)
                0x0000000000406f5c                parse_datestr
 .text.validate_tm_time
                0x0000000000407444       0x40 libbb/lib.a(time.o)
                0x0000000000407444                validate_tm_time
 .text.strftime_HHMMSS
                0x0000000000407484       0x60 libbb/lib.a(time.o)
                0x0000000000407484                strftime_HHMMSS
 .text.strftime_YYYYMMDDHHMMSS
                0x00000000004074e4       0x60 libbb/lib.a(time.o)
                0x00000000004074e4                strftime_YYYYMMDDHHMMSS
 .text.monotonic_us
                0x0000000000407544       0x4c libbb/lib.a(time.o)
                0x0000000000407544                monotonic_us
 .text.monotonic_ms
                0x0000000000407590       0x54 libbb/lib.a(time.o)
                0x0000000000407590                monotonic_ms
 .text.monotonic_sec
                0x00000000004075e4        0x8 libbb/lib.a(time.o)
                0x00000000004075e4                monotonic_sec
 .text.handle_errors.isra.0
                0x00000000004075ec       0x6c libbb/lib.a(bb_strtonum.o)
 .text.bb_strtoull
                0x0000000000407658       0x80 libbb/lib.a(bb_strtonum.o)
                0x0000000000407658                bb_strtoull
 .text.bb_strtoll
                0x00000000004076d8       0x94 libbb/lib.a(bb_strtonum.o)
                0x00000000004076d8                bb_strtoll
 .text.bb_strtoul
                0x000000000040776c       0x7c libbb/lib.a(bb_strtonum.o)
                0x000000000040776c                bb_strtoul
 .text.bb_strtol
                0x00000000004077e8       0x90 libbb/lib.a(bb_strtonum.o)
                0x00000000004077e8                bb_strtol
 .text.passwd_main
                0x0000000000407878      0x4c4 loginutils/lib.a(passwd.o)
                0x0000000000407878                passwd_main
 .text.delete_cronfile
                0x0000000000407d3c       0xf0 miscutils/lib.a(crond.o)
 .text.crondlog
                0x0000000000407e2c       0xec miscutils/lib.a(crond.o)
 .text.ParseField
                0x0000000000407f18      0x208 miscutils/lib.a(crond.o)
 .text.load_crontab
                0x0000000000408120      0x2f4 miscutils/lib.a(crond.o)
 .text.rescan_crontab_dir
                0x0000000000408414       0xec miscutils/lib.a(crond.o)
 .text.start_one_job
                0x0000000000408500      0x1b8 miscutils/lib.a(crond.o)
 .text.crond_main
                0x00000000004086b8      0x46c miscutils/lib.a(crond.o)
                0x00000000004086b8                crond_main
 .text.edit_file
                0x0000000000408b24       0xdc miscutils/lib.a(crontab.o)
 .text.crontab_main
                0x0000000000408c00      0x314 miscutils/lib.a(crontab.o)
                0x0000000000408c00                crontab_main
 .text.devmem_main
                0x0000000000408f14      0x298 miscutils/lib.a(devmem.o)
                0x0000000000408f14                devmem_main
 .text.set_tty_cooked
                0x00000000004091ac       0x30 miscutils/lib.a(less.o)
 .text.clear_line
                0x00000000004091dc       0x1c miscutils/lib.a(less.o)
 .text.less_exit
                0x00000000004091f8       0x34 miscutils/lib.a(less.o)
 .text.sig_catcher
                0x000000000040922c       0x10 miscutils/lib.a(less.o)
 .text.print_statusline
                0x000000000040923c       0x40 miscutils/lib.a(less.o)
 .text.read_lines
                0x000000000040927c      0x34c miscutils/lib.a(less.o)
 .text.status_print
                0x00000000004095c8       0xb4 miscutils/lib.a(less.o)
 .text.buffer_print
                0x000000000040967c      0x224 miscutils/lib.a(less.o)
 .text.buffer_fill_and_print
                0x00000000004098a0       0x80 miscutils/lib.a(less.o)
 .text.reinitialize
                0x0000000000409920       0xcc miscutils/lib.a(less.o)
 .text.change_file
                0x00000000004099ec       0x9c miscutils/lib.a(less.o)
 .text.buffer_down
                0x0000000000409a88       0x90 miscutils/lib.a(less.o)
 .text.buffer_up
                0x0000000000409b18       0x34 miscutils/lib.a(less.o)
 .text.buffer_line
                0x0000000000409b4c       0x6c miscutils/lib.a(less.o)
 .text.getch_nowait
                0x0000000000409bb8      0x150 miscutils/lib.a(less.o)
 .text.less_getch
                0x0000000000409d08       0x78 miscutils/lib.a(less.o)
 .text.less_gets
                0x0000000000409d80      0x124 miscutils/lib.a(less.o)
 .text.examine_file
                0x0000000000409ea4       0xb0 miscutils/lib.a(less.o)
 .text.less_main
                0x0000000000409f54      0x8a4 miscutils/lib.a(less.o)
                0x0000000000409f54                less_main
 .text.exit_unlock
                0x000000000040a7f8       0x20 miscutils/lib.a(lock.o)
 .text.lock_main
                0x000000000040a818      0x2cc miscutils/lib.a(lock.o)
                0x000000000040a818                lock_main
 .text.strings_main
                0x000000000040aae4      0x1fc miscutils/lib.a(strings.o)
                0x000000000040aae4                strings_main
 .text.ptok     0x000000000040ace0       0x38 miscutils/lib.a(time.o)
 .text.run_command
                0x000000000040ad18      0x128 miscutils/lib.a(time.o)
 .text.time_main
                0x000000000040ae40      0x5ec miscutils/lib.a(time.o)
                0x000000000040ae40                time_main
 .text.finish   0x000000000040b42c       0xcc networking/lib.a(arping.o)
 .text.catcher  0x000000000040b4f8      0x208 networking/lib.a(arping.o)
 .text.arping_main
                0x000000000040b700      0x8b0 networking/lib.a(arping.o)
                0x000000000040b700                arping_main
 .text.brctl_main
                0x000000000040bfb0      0x5c0 networking/lib.a(brctl.o)
                0x000000000040bfb0                brctl_main
 .text.ifconfig_main
                0x000000000040c570      0x4f4 networking/lib.a(ifconfig.o)
                0x000000000040c570                ifconfig_main
 .text.UNSPEC_print
                0x000000000040ca64       0x98 networking/lib.a(interface.o)
 .text.UNSPEC_sprint
                0x000000000040cafc       0x30 networking/lib.a(interface.o)
 .text.INET6_input
                0x000000000040cb2c        0x8 networking/lib.a(interface.o)
 .text.INET6_sprint
                0x000000000040cb34       0x74 networking/lib.a(interface.o)
 .text.INET_input
                0x000000000040cba8        0x8 networking/lib.a(interface.o)
 .text.INET_sprint
                0x000000000040cbb0       0x78 networking/lib.a(interface.o)
 .text.ether_print
                0x000000000040cc28       0x6c networking/lib.a(interface.o)
 .text.add_interface
                0x000000000040cc94       0xc0 networking/lib.a(interface.o)
 .text.if_readconf
                0x000000000040cd54       0xf4 networking/lib.a(interface.o)
 .text.if_readlist_proc
                0x000000000040ce48      0x2b4 networking/lib.a(interface.o)
 .text.do_if_fetch
                0x000000000040d0fc      0x324 networking/lib.a(interface.o)
 .text.print_bytes_scaled
                0x000000000040d420       0x98 networking/lib.a(interface.o)
 .text.get_hwntype
                0x000000000040d4b8       0x28 networking/lib.a(interface.o)
                0x000000000040d4b8                get_hwntype
 .text.ife_print
                0x000000000040d4e0      0x65c networking/lib.a(interface.o)
 .text.display_interfaces
                0x000000000040db3c      0x10c networking/lib.a(interface.o)
                0x000000000040db3c                display_interfaces
 .text.nc_main  0x000000000040dc48      0x180 networking/lib.a(nc.o)
                0x000000000040dc48                nc_main
 .text.netmsg_main
                0x000000000040ddc8      0x160 networking/lib.a(netmsg.o)
                0x000000000040ddc8                netmsg_main
 .text.unix_do_one
                0x000000000040df28      0x2e4 networking/lib.a(netstat.o)
 .text.build_ipv6_addr
                0x000000000040e20c       0x70 networking/lib.a(netstat.o)
 .text.ip_port_str
                0x000000000040e27c       0xd0 networking/lib.a(netstat.o)
 .text.dir_act  0x000000000040e34c      0x100 networking/lib.a(netstat.o)
 .text.add_to_prg_cache_if_socket
                0x000000000040e44c      0x148 networking/lib.a(netstat.o)
 .text.do_info  0x000000000040e594       0xf8 networking/lib.a(netstat.o)
 .text.scan_inet_proc_line
                0x000000000040e68c       0xf4 networking/lib.a(netstat.o)
 .text.print_inet_line
                0x000000000040e780      0x17c networking/lib.a(netstat.o)
 .text.raw_do_one
                0x000000000040e8fc       0xa8 networking/lib.a(netstat.o)
 .text.udp_do_one
                0x000000000040e9a4       0xdc networking/lib.a(netstat.o)
 .text.tcp_do_one
                0x000000000040ea80       0x7c networking/lib.a(netstat.o)
 .text.netstat_main
                0x000000000040eafc      0x310 networking/lib.a(netstat.o)
                0x000000000040eafc                netstat_main
 .text.set_default_dns
                0x000000000040ee0c       0x88 networking/lib.a(nslookup.o)
 .text.print_host
                0x000000000040ee94      0x134 networking/lib.a(nslookup.o)
 .text.nslookup_main
                0x000000000040efc8       0xa0 networking/lib.a(nslookup.o)
                0x000000000040efc8                nslookup_main
 .text.my_SQRT  0x000000000040f068       0xdc networking/lib.a(ntpd.o)
 .text.filter_datapoints
                0x000000000040f144      0x260 networking/lib.a(ntpd.o)
 .text.reset_peer_stats
                0x000000000040f3a4      0x15c networking/lib.a(ntpd.o)
 .text.compare_point_edge
                0x000000000040f500       0x7c networking/lib.a(ntpd.o)
 .text.compare_survivor_metric
                0x000000000040f57c       0x7c networking/lib.a(ntpd.o)
 .text.poll_interval
                0x000000000040f5f8       0x58 networking/lib.a(ntpd.o)
 .text.d_to_lfp
                0x000000000040f650       0xa8 networking/lib.a(ntpd.o)
 .text.lfp_to_d
                0x000000000040f6f8       0x84 networking/lib.a(ntpd.o)
 .text.gettime1900d
                0x000000000040f77c       0x9c networking/lib.a(ntpd.o)
 .text.ntp_init
                0x000000000040f818      0x254 networking/lib.a(ntpd.o)
 .text.run_script
                0x000000000040fa6c      0x1b8 networking/lib.a(ntpd.o)
 .text.set_next.isra.0
                0x000000000040fc24       0x54 networking/lib.a(ntpd.o)
 .text.step_time
                0x000000000040fc78      0x250 networking/lib.a(ntpd.o)
 .text.update_local_clock
                0x000000000040fec8      0x520 networking/lib.a(ntpd.o)
 .text.recv_and_process_client_pkt
                0x00000000004103e8      0x334 networking/lib.a(ntpd.o)
 .text.recv_and_process_peer_pkt
                0x000000000041071c      0xe44 networking/lib.a(ntpd.o)
 .text.ntpd_main
                0x0000000000411560      0x5e0 networking/lib.a(ntpd.o)
                0x0000000000411560                ntpd_main
 .text.unpack_tail
                0x0000000000411b40      0x1d0 networking/lib.a(ping.o)
 .text.print_stats_and_exit
                0x0000000000411d10      0x154 networking/lib.a(ping.o)
 .text.sendping_tail.constprop.1
                0x0000000000411e64      0x17c networking/lib.a(ping.o)
 .text.sendping4
                0x0000000000411fe0       0x94 networking/lib.a(ping.o)
 .text.sendping6
                0x0000000000412074       0x70 networking/lib.a(ping.o)
 .text.common_ping_main
                0x00000000004120e4      0x920 networking/lib.a(ping.o)
 .text.ping_main
                0x0000000000412a04       0x10 networking/lib.a(ping.o)
                0x0000000000412a04                ping_main
 .text.ping6_main
                0x0000000000412a14       0x10 networking/lib.a(ping.o)
                0x0000000000412a14                ping6_main
 .text.set_flags
                0x0000000000412a24       0x50 networking/lib.a(route.o)
 .text.kw_lookup
                0x0000000000412a74       0xac networking/lib.a(route.o)
 .text.INET6_displayroutes
                0x0000000000412b20      0x240 networking/lib.a(route.o)
 .text.INET6_setroute
                0x0000000000412d60      0x29c networking/lib.a(route.o)
 .text.INET_setroute
                0x0000000000412ffc      0x410 networking/lib.a(route.o)
 .text.bb_displayroutes
                0x000000000041340c      0x240 networking/lib.a(route.o)
                0x000000000041340c                bb_displayroutes
 .text.route_main
                0x000000000041364c      0x188 networking/lib.a(route.o)
                0x000000000041364c                route_main
 .text.put_iac  0x00000000004137d4       0x28 networking/lib.a(telnet.o)
 .text.iac_flush
                0x00000000004137fc       0x4c networking/lib.a(telnet.o)
 .text.put_iac2
                0x0000000000413848       0x64 networking/lib.a(telnet.o)
 .text.rawmode  0x00000000004138ac       0x28 networking/lib.a(telnet.o)
 .text.cookmode
                0x00000000004138d4       0x28 networking/lib.a(telnet.o)
 .text.setConMode
                0x00000000004138fc       0x8c networking/lib.a(telnet.o)
 .text.con_escape
                0x0000000000413988      0x180 networking/lib.a(telnet.o)
 .text.handle_net_output
                0x0000000000413b08       0xb4 networking/lib.a(telnet.o)
 .text.telnet_main
                0x0000000000413bbc      0x5fc networking/lib.a(telnet.o)
                0x0000000000413bbc                telnet_main
 .text.handle_sigchld
                0x00000000004141b8       0x88 networking/lib.a(telnetd.o)
 .text.make_new_session
                0x0000000000414240      0x224 networking/lib.a(telnetd.o)
 .text.free_session
                0x0000000000414464       0xfc networking/lib.a(telnetd.o)
 .text.telnetd_main
                0x0000000000414560      0x880 networking/lib.a(telnetd.o)
                0x0000000000414560                telnetd_main
 .text.traceroute_main
                0x0000000000414de0      0xb58 networking/lib.a(traceroute.o)
                0x0000000000414de0                traceroute_main
 .text.xfind_str
                0x0000000000415938       0x5c networking/lib.a(vconfig.o)
 .text.vconfig_main
                0x0000000000415994      0x130 networking/lib.a(vconfig.o)
                0x0000000000415994                vconfig_main
 .text.sanitize_string
                0x0000000000415ac4       0x28 networking/lib.a(wget.o)
 .text.open_socket
                0x0000000000415aec       0x3c networking/lib.a(wget.o)
 .text.base64enc
                0x0000000000415b28       0x5c networking/lib.a(wget.o)
 .text.fgets_and_trim
                0x0000000000415b84       0x78 networking/lib.a(wget.o)
 .text.reset_beg_range_to_zero
                0x0000000000415bfc       0x4c networking/lib.a(wget.o)
 .text.parse_url
                0x0000000000415c48      0x1f0 networking/lib.a(wget.o)
 .text.gethdr   0x0000000000415e38      0x13c networking/lib.a(wget.o)
 .text.progress_meter
                0x0000000000415f74       0xec networking/lib.a(wget.o)
 .text.retrieve_file_data
                0x0000000000416060      0x258 networking/lib.a(wget.o)
 .text.ftpcmd   0x00000000004162b8       0xa8 networking/lib.a(wget.o)
 .text.wget_main
                0x0000000000416360      0xbf0 networking/lib.a(wget.o)
                0x0000000000416360                wget_main
 .text.alloc_dhcp_option
                0x0000000000416f50       0x90 networking/udhcp/lib.a(dhcpc.o)
 .text.init_packet
                0x0000000000416fe0       0xd8 networking/udhcp/lib.a(dhcpc.o)
 .text.add_client_options
                0x00000000004170b8      0x164 networking/udhcp/lib.a(dhcpc.o)
 .text.raw_bcast_from_client_config_ifindex
                0x000000000041721c       0x48 networking/udhcp/lib.a(dhcpc.o)
 .text.send_discover
                0x0000000000417264       0x88 networking/udhcp/lib.a(dhcpc.o)
 .text.send_select
                0x00000000004172ec       0x94 networking/udhcp/lib.a(dhcpc.o)
 .text.send_renew
                0x0000000000417380       0x94 networking/udhcp/lib.a(dhcpc.o)
 .text.udhcp_recv_raw_packet
                0x0000000000417414      0x20c networking/udhcp/lib.a(dhcpc.o)
 .text.client_background
                0x0000000000417620       0x3c networking/udhcp/lib.a(dhcpc.o)
 .text.sprint_nip
                0x000000000041765c       0x44 networking/udhcp/lib.a(dhcpc.o)
 .text.change_listen_mode
                0x00000000004176a0      0x108 networking/udhcp/lib.a(dhcpc.o)
 .text.xmalloc_optname_optval.isra.0
                0x00000000004177a8      0x49c networking/udhcp/lib.a(dhcpc.o)
 .text.udhcp_run_script
                0x0000000000417c44      0x3d8 networking/udhcp/lib.a(dhcpc.o)
 .text.send_release
                0x000000000041801c       0x8c networking/udhcp/lib.a(dhcpc.o)
 .text.perform_release
                0x00000000004180a8       0xb4 networking/udhcp/lib.a(dhcpc.o)
 .text.udhcpc_main
                0x000000000041815c      0xb20 networking/udhcp/lib.a(dhcpc.o)
                0x000000000041815c                udhcpc_main
 .text.dname_dec
                0x0000000000418c7c      0x1b0 networking/udhcp/lib.a(domain_codec.o)
                0x0000000000418c7c                dname_dec
 .text.dname_enc
                0x0000000000418e2c      0x254 networking/udhcp/lib.a(domain_codec.o)
                0x0000000000418e2c                dname_enc
 .text.udhcp_init_header
                0x0000000000419080       0x9c networking/udhcp/lib.a(packet.o)
                0x0000000000419080                udhcp_init_header
 .text.udhcp_recv_kernel_packet
                0x000000000041911c       0x80 networking/udhcp/lib.a(packet.o)
                0x000000000041911c                udhcp_recv_kernel_packet
 .text.udhcp_send_raw_packet
                0x000000000041919c      0x244 networking/udhcp/lib.a(packet.o)
                0x000000000041919c                udhcp_send_raw_packet
 .text.udhcp_send_kernel_packet
                0x00000000004193e0      0x184 networking/udhcp/lib.a(packet.o)
                0x00000000004193e0                udhcp_send_kernel_packet
 .text.signal_handler
                0x0000000000419564       0x44 networking/udhcp/lib.a(signalpipe.o)
 .text.udhcp_sp_setup
                0x00000000004195a8       0x54 networking/udhcp/lib.a(signalpipe.o)
                0x00000000004195a8                udhcp_sp_setup
 .text.udhcp_sp_fd_set
                0x00000000004195fc       0xb4 networking/udhcp/lib.a(signalpipe.o)
                0x00000000004195fc                udhcp_sp_fd_set
 .text.udhcp_sp_read
                0x00000000004196b0       0x64 networking/udhcp/lib.a(signalpipe.o)
                0x00000000004196b0                udhcp_sp_read
 .text.udhcp_read_interface
                0x0000000000419714      0x12c networking/udhcp/lib.a(socket.o)
                0x0000000000419714                udhcp_read_interface
 .text.udhcp_listen_socket
                0x0000000000419840       0xec networking/udhcp/lib.a(socket.o)
                0x0000000000419840                udhcp_listen_socket
 .text.udhcp_option_idx
                0x000000000041992c       0x80 networking/udhcp/lib.a(common.o)
                0x000000000041992c                udhcp_option_idx
 .text.udhcp_get_option
                0x00000000004199ac       0xd8 networking/udhcp/lib.a(common.o)
                0x00000000004199ac                udhcp_get_option
 .text.udhcp_end_option
                0x0000000000419a84       0x3c networking/udhcp/lib.a(common.o)
                0x0000000000419a84                udhcp_end_option
 .text.udhcp_add_binary_option
                0x0000000000419ac0       0x90 networking/udhcp/lib.a(common.o)
                0x0000000000419ac0                udhcp_add_binary_option
 .text.udhcp_add_simple_option
                0x0000000000419b50       0x88 networking/udhcp/lib.a(common.o)
                0x0000000000419b50                udhcp_add_simple_option
 .text.udhcp_find_option
                0x0000000000419bd8       0x40 networking/udhcp/lib.a(common.o)
                0x0000000000419bd8                udhcp_find_option
 .text.attach_option
                0x0000000000419c18      0x1ec networking/udhcp/lib.a(common.o)
 .text.udhcp_str2nip
                0x0000000000419e04       0x64 networking/udhcp/lib.a(common.o)
                0x0000000000419e04                udhcp_str2nip
 .text.udhcp_str2optset
                0x0000000000419e68      0x2dc networking/udhcp/lib.a(common.o)
                0x0000000000419e68                udhcp_str2optset
 .text.sprint_nip6
                0x000000000041a144       0x74 networking/udhcp/lib.a(common.o)
                0x000000000041a144                sprint_nip6
 .text.free_main
                0x000000000041a1b8      0x270 procps/lib.a(free.o)
                0x000000000041a1b8                free_main
 .text.kill_main
                0x000000000041a428      0x3cc procps/lib.a(kill.o)
                0x000000000041a428                kill_main
 .text.act.constprop.0
                0x000000000041a7f4       0x54 procps/lib.a(pgrep.o)
 .text.pgrep_main
                0x000000000041a848      0x2b0 procps/lib.a(pgrep.o)
                0x000000000041a848                pgrep_main
 .text.pidof_main
                0x000000000041aaf8       0xd4 procps/lib.a(pidof.o)
                0x000000000041aaf8                pidof_main
 .text.ps_main  0x000000000041abcc      0x16c procps/lib.a(ps.o)
                0x000000000041abcc                ps_main
 .text.sysctl_dots_to_slashes
                0x000000000041ad38       0xb0 procps/lib.a(sysctl.o)
 .text.sysctl_act_recursive
                0x000000000041ade8      0x384 procps/lib.a(sysctl.o)
 .text.sysctl_main
                0x000000000041b16c      0x158 procps/lib.a(sysctl.o)
                0x000000000041b16c                sysctl_main
 .text.mem_sort
                0x000000000041b2c4       0x24 procps/lib.a(top.o)
 .text.pcpu_sort
                0x000000000041b2e8       0x10 procps/lib.a(top.o)
 .text.time_sort
                0x000000000041b2f8       0x24 procps/lib.a(top.o)
 .text.mult_lvl_cmp
                0x000000000041b31c       0x94 procps/lib.a(top.o)
 .text.display_process_list
                0x000000000041b3b0      0x640 procps/lib.a(top.o)
 .text.read_cpu_jiffy.constprop.0
                0x000000000041b9f0      0x1fc procps/lib.a(top.o)
 .text.do_stats
                0x000000000041bbec      0x17c procps/lib.a(top.o)
 .text.top_main
                0x000000000041bd68      0x324 procps/lib.a(top.o)
                0x000000000041bd68                top_main
 .text.uptime_main
                0x000000000041c08c      0x14c procps/lib.a(uptime.o)
                0x000000000041c08c                uptime_main
 .text.isdigit_str9
                0x000000000041c1d8       0x38 shell/lib.a(ash.o)
 .text.var_end  0x000000000041c210       0x24 shell/lib.a(ash.o)
 .text.stunalloc
                0x000000000041c234       0x24 shell/lib.a(ash.o)
 .text.setstackmark
                0x000000000041c258       0x30 shell/lib.a(ash.o)
 .text.prefix   0x000000000041c288       0x2c shell/lib.a(ash.o)
 .text.varcmp   0x000000000041c2b4       0x4c shell/lib.a(ash.o)
 .text.hashvar  0x000000000041c300       0x50 shell/lib.a(ash.o)
 .text.vpcmp    0x000000000041c350        0xc shell/lib.a(ash.o)
 .text.findvar  0x000000000041c35c       0x5c shell/lib.a(ash.o)
 .text.lookupvar
                0x000000000041c3b8       0x58 shell/lib.a(ash.o)
 .text.bltinlookup
                0x000000000041c410       0x78 shell/lib.a(ash.o)
 .text.set_curjob
                0x000000000041c488       0x78 shell/lib.a(ash.o)
 .text.getstatus
                0x000000000041c500       0x94 shell/lib.a(ash.o)
 .text.is_hidden_fd
                0x000000000041c594       0x88 shell/lib.a(ash.o)
 .text.falsecmd
                0x000000000041c61c        0x8 shell/lib.a(ash.o)
 .text.truecmd  0x000000000041c624        0x8 shell/lib.a(ash.o)
 .text.bltincmd
                0x000000000041c62c        0xc shell/lib.a(ash.o)
 .text.pungetc  0x000000000041c638       0x24 shell/lib.a(ash.o)
 .text.pushfile
                0x000000000041c65c       0x34 shell/lib.a(ash.o)
 .text.freealias
                0x000000000041c690       0x64 shell/lib.a(ash.o)
 .text.freeparam
                0x000000000041c6f4       0x60 shell/lib.a(ash.o)
 .text.freefunc
                0x000000000041c754       0x28 shell/lib.a(ash.o)
 .text.__lookupalias
                0x000000000041c77c       0x94 shell/lib.a(ash.o)
 .text.msort    0x000000000041c810       0xe8 shell/lib.a(ash.o)
 .text.pstrcmp  0x000000000041c8f8        0xc shell/lib.a(ash.o)
 .text.ignoresig
                0x000000000041c904       0x54 shell/lib.a(ash.o)
 .text.raise_exception
                0x000000000041c958       0x34 shell/lib.a(ash.o)
 .text.raise_interrupt
                0x000000000041c98c       0x74 shell/lib.a(ash.o)
 .text.int_on   0x000000000041ca00       0x40 shell/lib.a(ash.o)
 .text.flush_stdout_stderr
                0x000000000041ca40       0x2c shell/lib.a(ash.o)
 .text.clearcmdentry
                0x000000000041ca6c       0xd0 shell/lib.a(ash.o)
 .text.changepath
                0x000000000041cb3c      0x150 shell/lib.a(ash.o)
 .text.unalias  0x000000000041cc8c       0x5c shell/lib.a(ash.o)
 .text.popstring
                0x000000000041cce8       0xf4 shell/lib.a(ash.o)
 .text.popstackmark
                0x000000000041cddc       0xac shell/lib.a(ash.o)
 .text.recordregion
                0x000000000041ce88       0xa0 shell/lib.a(ash.o)
 .text.removerecordregions
                0x000000000041cf28      0x154 shell/lib.a(ash.o)
 .text.freejob  0x000000000041d07c       0xc8 shell/lib.a(ash.o)
 .text.delete_cmd_entry
                0x000000000041d144       0x64 shell/lib.a(ash.o)
 .text.force_int_on
                0x000000000041d1a8       0x34 shell/lib.a(ash.o)
 .text.signal_handler
                0x000000000041d1dc       0x68 shell/lib.a(ash.o)
 .text.popfile  0x000000000041d244       0x80 shell/lib.a(ash.o)
 .text.setparam
                0x000000000041d2c4       0xb4 shell/lib.a(ash.o)
 .text.setinputstring
                0x000000000041d378       0x64 shell/lib.a(ash.o)
 .text.pushstring
                0x000000000041d3dc       0xb8 shell/lib.a(ash.o)
 .text.calcsize
                0x000000000041d494      0x114 shell/lib.a(ash.o)
 .text.sizenodelist
                0x000000000041d5a8       0x4c shell/lib.a(ash.o)
 .text.out1fmt  0x000000000041d5f4       0x54 shell/lib.a(ash.o)
 .text.helpcmd  0x000000000041d648       0xc8 shell/lib.a(ash.o)
 .text.setsignal
                0x000000000041d710      0x1cc shell/lib.a(ash.o)
 .text.fmtstr   0x000000000041d8dc       0x50 shell/lib.a(ash.o)
 .text.scanleft
                0x000000000041d92c       0xac shell/lib.a(ash.o)
 .text.scanright
                0x000000000041d9d8      0x17c shell/lib.a(ash.o)
 .text.makejob  0x000000000041db54      0x1cc shell/lib.a(ash.o)
 .text.sprint_status
                0x000000000041dd20      0x108 shell/lib.a(ash.o)
 .text.out2str  0x000000000041de28       0x3c shell/lib.a(ash.o)
 .text.dowait   0x000000000041de64      0x1b4 shell/lib.a(ash.o)
 .text.blocking_wait_with_raise_on_sig
                0x000000000041e018       0x44 shell/lib.a(ash.o)
 .text.stoppedjobs
                0x000000000041e05c       0x68 shell/lib.a(ash.o)
 .text.cmdlookup
                0x000000000041e0c4       0xe8 shell/lib.a(ash.o)
 .text.nodeckstrdup
                0x000000000041e1ac       0x5c shell/lib.a(ash.o)
 .text.copynode
                0x000000000041e208      0x124 shell/lib.a(ash.o)
 .text.copynodelist
                0x000000000041e32c       0x74 shell/lib.a(ash.o)
 .text.find_builtin
                0x000000000041e3a0       0x34 shell/lib.a(ash.o)
 .text.ulimitcmd
                0x000000000041e3d4        0x8 shell/lib.a(ash.o)
 .text.timescmd
                0x000000000041e3dc       0xc8 shell/lib.a(ash.o)
 .text.printfcmd
                0x000000000041e4a4        0x8 shell/lib.a(ash.o)
 .text.historycmd
                0x000000000041e4ac       0x28 shell/lib.a(ash.o)
 .text.tryexec  0x000000000041e4d4      0x104 shell/lib.a(ash.o)
 .text.echocmd  0x000000000041e5d8        0x8 shell/lib.a(ash.o)
 .text.testcmd  0x000000000041e5e0        0x8 shell/lib.a(ash.o)
 .text.errmsg   0x000000000041e5e8       0x28 shell/lib.a(ash.o)
 .text.noclobberopen
                0x000000000041e610       0xfc shell/lib.a(ash.o)
 .text.preadbuffer
                0x000000000041e70c      0x2ac shell/lib.a(ash.o)
 .text.pgetc    0x000000000041e9b8       0x34 shell/lib.a(ash.o)
 .text.pgetc_without_PEOA
                0x000000000041e9ec       0x64 shell/lib.a(ash.o)
 .text.evalbltin.isra.1
                0x000000000041ea50      0x108 shell/lib.a(ash.o)
 .text.outcslow.constprop.6
                0x000000000041eb58       0x6c shell/lib.a(ash.o)
 .text.showjob  0x000000000041ebc4      0x24c shell/lib.a(ash.o)
 .text.showjobs
                0x000000000041ee10       0x94 shell/lib.a(ash.o)
 .text.ash_vmsg
                0x000000000041eea4       0xe4 shell/lib.a(ash.o)
 .text.ash_msg_and_raise_error
                0x000000000041ef88       0x30 shell/lib.a(ash.o)
 .text.number   0x000000000041efb8       0x48 shell/lib.a(ash.o)
 .text.getoptsreset
                0x000000000041f000       0x34 shell/lib.a(ash.o)
 .text.shiftcmd
                0x000000000041f034       0xdc shell/lib.a(ash.o)
 .text.returncmd
                0x000000000041f110       0x38 shell/lib.a(ash.o)
 .text.exitcmd  0x000000000041f148       0x50 shell/lib.a(ash.o)
 .text.copyfd   0x000000000041f198       0x70 shell/lib.a(ash.o)
 .text.popredir
                0x000000000041f208      0x174 shell/lib.a(ash.o)
 .text.clearredir
                0x000000000041f37c       0x50 shell/lib.a(ash.o)
 .text.nextopt  0x000000000041f3cc      0x118 shell/lib.a(ash.o)
 .text.unaliascmd
                0x000000000041f4e4      0x128 shell/lib.a(ash.o)
 .text.cdopt    0x000000000041f60c       0x60 shell/lib.a(ash.o)
 .text.breakcmd
                0x000000000041f66c       0xa4 shell/lib.a(ash.o)
 .text.raise_error_syntax
                0x000000000041f710       0x18 shell/lib.a(ash.o)
 .text.stalloc  0x000000000041f728       0xcc shell/lib.a(ash.o)
 .text.ststrdup
                0x000000000041f7f4       0x44 shell/lib.a(ash.o)
 .text.stzalloc
                0x000000000041f838       0x30 shell/lib.a(ash.o)
 .text.addfname
                0x000000000041f868       0x54 shell/lib.a(ash.o)
 .text.expmeta  0x000000000041f8bc      0x328 shell/lib.a(ash.o)
 .text.makename
                0x000000000041fbe4       0x3c shell/lib.a(ash.o)
 .text.setvareq
                0x000000000041fc20      0x154 shell/lib.a(ash.o)
 .text.listsetvar
                0x000000000041fd74       0x6c shell/lib.a(ash.o)
 .text.setvar   0x000000000041fde0      0x10c shell/lib.a(ash.o)
 .text.setvar2  0x000000000041feec        0x8 shell/lib.a(ash.o)
 .text.unsetvar
                0x000000000041fef4       0xe8 shell/lib.a(ash.o)
 .text.unsetcmd
                0x000000000041ffdc       0xe0 shell/lib.a(ash.o)
 .text.setvarsafe
                0x00000000004200bc       0xb0 shell/lib.a(ash.o)
 .text.localcmd
                0x000000000042016c      0x180 shell/lib.a(ash.o)
 .text.setpwd   0x00000000004202ec      0x110 shell/lib.a(ash.o)
 .text.pwdcmd   0x00000000004203fc       0x6c shell/lib.a(ash.o)
 .text.setinputfile
                0x0000000000420468      0x108 shell/lib.a(ash.o)
 .text.xtcsetpgrp
                0x0000000000420570       0x2c shell/lib.a(ash.o)
 .text.waitforjob
                0x000000000042059c       0xc4 shell/lib.a(ash.o)
 .text.forkchild
                0x0000000000420660      0x334 shell/lib.a(ash.o)
 .text.growstackblock
                0x0000000000420994      0x144 shell/lib.a(ash.o)
 .text.makestrspace
                0x0000000000420ad8       0x68 shell/lib.a(ash.o)
 .text.memtodest
                0x0000000000420b40       0xe0 shell/lib.a(ash.o)
 .text.stack_putstr
                0x0000000000420c20       0x5c shell/lib.a(ash.o)
 .text.cmdputs  0x0000000000420c7c      0x2a4 shell/lib.a(ash.o)
 .text.single_quote
                0x0000000000420f20      0x104 shell/lib.a(ash.o)
 .text.printalias
                0x0000000000421024       0x38 shell/lib.a(ash.o)
 .text.aliascmd
                0x000000000042105c      0x1bc shell/lib.a(ash.o)
 .text.cvtnum   0x0000000000421218       0x70 shell/lib.a(ash.o)
 .text.rmescapes
                0x0000000000421288      0x1c0 shell/lib.a(ash.o)
 .text.growstackstr
                0x0000000000421448       0x68 shell/lib.a(ash.o)
 .text._STPUTC  0x00000000004214b0       0x44 shell/lib.a(ash.o)
 .text.varvalue
                0x00000000004214f4      0x410 shell/lib.a(ash.o)
 .text.listvars
                0x0000000000421904       0xf8 shell/lib.a(ash.o)
 .text.showvars
                0x00000000004219fc      0x100 shell/lib.a(ash.o)
 .text.exportcmd
                0x0000000000421afc      0x130 shell/lib.a(ash.o)
 .text.path_advance
                0x0000000000421c2c      0x188 shell/lib.a(ash.o)
 .text.getoptscmd
                0x0000000000421db4      0x360 shell/lib.a(ash.o)
 .text.ash_arith
                0x0000000000422114       0x80 shell/lib.a(ash.o)
 .text.letcmd   0x0000000000422194       0x50 shell/lib.a(ash.o)
 .text.umaskcmd
                0x00000000004221e4      0x200 shell/lib.a(ash.o)
 .text.readcmd  0x00000000004223e4      0x140 shell/lib.a(ash.o)
 .text.cdcmd    0x0000000000422524      0x438 shell/lib.a(ash.o)
 .text.ash_msg  0x000000000042295c       0x2c shell/lib.a(ash.o)
 .text.options  0x0000000000422988      0x324 shell/lib.a(ash.o)
 .text.setjobctl
                0x0000000000422cac      0x1d4 shell/lib.a(ash.o)
 .text.optschanged
                0x0000000000422e80       0xa4 shell/lib.a(ash.o)
 .text.setcmd   0x0000000000422f24       0x8c shell/lib.a(ash.o)
 .text.trapcmd  0x0000000000422fb0      0x1b4 shell/lib.a(ash.o)
 .text.raise_error_unexpected_syntax
                0x0000000000423164       0xc0 shell/lib.a(ash.o)
 .text.cmdtxt   0x0000000000423224      0x3b8 shell/lib.a(ash.o)
 .text.forkshell
                0x00000000004235dc      0x194 shell/lib.a(ash.o)
 .text.getjob   0x0000000000423770      0x1d8 shell/lib.a(ash.o)
 .text.waitcmd  0x0000000000423948      0x18c shell/lib.a(ash.o)
 .text.jobscmd  0x0000000000423ad4       0xbc shell/lib.a(ash.o)
 .text.killcmd  0x0000000000423b90      0x170 shell/lib.a(ash.o)
 .text.argstr   0x0000000000423d00      0x694 shell/lib.a(ash.o)
 .text.expandarg
                0x0000000000424394      0x490 shell/lib.a(ash.o)
 .text.redirect
                0x0000000000424824      0x58c shell/lib.a(ash.o)
 .text.redirectsafe
                0x0000000000424db0       0xc8 shell/lib.a(ash.o)
 .text.expandstr
                0x0000000000424e78       0x88 shell/lib.a(ash.o)
 .text.setprompt_if
                0x0000000000424f00       0xb8 shell/lib.a(ash.o)
 .text.parseheredoc
                0x0000000000424fb8       0xc4 shell/lib.a(ash.o)
 .text.list     0x000000000042507c      0x264 shell/lib.a(ash.o)
 .text.readtoken1
                0x00000000004252e0     0x1144 shell/lib.a(ash.o)
 .text.xxreadtoken
                0x0000000000426424      0x288 shell/lib.a(ash.o)
 .text.readtoken
                0x00000000004266ac      0x150 shell/lib.a(ash.o)
 .text.parsefname
                0x00000000004267fc      0x1d0 shell/lib.a(ash.o)
 .text.parsecmd
                0x00000000004269cc       0x74 shell/lib.a(ash.o)
 .text.parse_command
                0x0000000000426a40      0x75c shell/lib.a(ash.o)
 .text.pipeline
                0x000000000042719c      0x120 shell/lib.a(ash.o)
 .text.expredir
                0x00000000004272bc      0x15c shell/lib.a(ash.o)
 .text.evaltree
                0x0000000000427418      0x444 shell/lib.a(ash.o)
 .text.evalstring
                0x000000000042785c       0x98 shell/lib.a(ash.o)
 .text.evalcmd  0x00000000004278f4       0xa8 shell/lib.a(ash.o)
 .text.exitshell
                0x000000000042799c       0x8c shell/lib.a(ash.o)
 .text.evalloop
                0x0000000000427a28      0x144 shell/lib.a(ash.o)
 .text.evalfun  0x0000000000427b6c      0x278 shell/lib.a(ash.o)
 .text.cmdloop  0x0000000000427de4      0x128 shell/lib.a(ash.o)
 .text.read_profile
                0x0000000000427f0c       0x48 shell/lib.a(ash.o)
 .text.dotcmd   0x0000000000427f54      0x18c shell/lib.a(ash.o)
 .text.find_command
                0x00000000004280e0      0x430 shell/lib.a(ash.o)
 .text.evalpipe
                0x0000000000428510      0x1f0 shell/lib.a(ash.o)
 .text.hashcmd  0x0000000000428700      0x1ec shell/lib.a(ash.o)
 .text.evalsubshell
                0x00000000004288ec       0xf8 shell/lib.a(ash.o)
 .text.evalfor  0x00000000004289e4      0x15c shell/lib.a(ash.o)
 .text.subevalvar
                0x0000000000428b40      0x644 shell/lib.a(ash.o)
 .text.evalvar  0x0000000000429184      0x350 shell/lib.a(ash.o)
 .text.evalcase
                0x00000000004294d4      0x180 shell/lib.a(ash.o)
 .text.ash_msg_and_raise.constprop.4
                0x0000000000429654       0x34 shell/lib.a(ash.o)
 .text.shellexec
                0x0000000000429688      0x144 shell/lib.a(ash.o)
 .text.execcmd  0x00000000004297cc       0x5c shell/lib.a(ash.o)
 .text.evalcommand
                0x0000000000429828      0x5b8 shell/lib.a(ash.o)
 .text.out1str  0x0000000000429de0       0x34 shell/lib.a(ash.o)
 .text.fg_bgcmd
                0x0000000000429e14      0x1f4 shell/lib.a(ash.o)
 .text.describe_command
                0x000000000042a008      0x254 shell/lib.a(ash.o)
 .text.typecmd  0x000000000042a25c       0x94 shell/lib.a(ash.o)
 .text.commandcmd
                0x000000000042a2f0       0x9c shell/lib.a(ash.o)
 .text.ash_main
                0x000000000042a38c      0x664 shell/lib.a(ash.o)
                0x000000000042a38c                ash_main
 .text.arith_apply
                0x000000000042a9f0      0x598 shell/lib.a(math.o)
 .text.evaluate_string
                0x000000000042af88      0x3bc shell/lib.a(math.o)
 .text.arith_lookup_val
                0x000000000042b344       0xdc shell/lib.a(math.o)
 .text.arith    0x000000000042b420        0xc shell/lib.a(math.o)
                0x000000000042b420                arith
 .text.printlim.isra.0
                0x000000000042b42c       0x74 shell/lib.a(shell_common.o)
 .text.is_well_formed_var_name
                0x000000000042b4a0       0x6c shell/lib.a(shell_common.o)
                0x000000000042b4a0                is_well_formed_var_name
 .text.shell_builtin_read
                0x000000000042b50c      0x51c shell/lib.a(shell_common.o)
                0x000000000042b50c                shell_builtin_read
 .text.shell_builtin_ulimit
                0x000000000042ba28      0x29c shell/lib.a(shell_common.o)
                0x000000000042ba28                shell_builtin_ulimit
 .text.decode   0x000000000042bcc4       0x78 sysklogd/lib.a(syslogd_and_logger.o)
 .text.logger_main
                0x000000000042bd3c      0x22c sysklogd/lib.a(syslogd_and_logger.o)
                0x000000000042bd3c                logger_main
 .text.dmesg_main
                0x000000000042bf68      0x1c8 util-linux/lib.a(dmesg.o)
                0x000000000042bf68                dmesg_main
 .text.hexdump_main
                0x000000000042c130      0x25c util-linux/lib.a(hexdump.o)
                0x000000000042c130                hexdump_main
 .text.hwclock_main
                0x000000000042c38c      0x238 util-linux/lib.a(hwclock.o)
                0x000000000042c38c                hwclock_main
 .text.mkswap_main
                0x000000000042c5c4      0x174 util-linux/lib.a(mkswap.o)
                0x000000000042c5c4                mkswap_main
 .text.parse_mount_options
                0x000000000042c738      0x170 util-linux/lib.a(mount.o)
 .text.append_mount_options
                0x000000000042c8a8      0x12c util-linux/lib.a(mount.o)
 .text.mount_it_now
                0x000000000042c9d4      0x18c util-linux/lib.a(mount.o)
 .text.singlemount
                0x000000000042cb60      0x5e0 util-linux/lib.a(mount.o)
 .text.mount_main
                0x000000000042d140      0x544 util-linux/lib.a(mount.o)
                0x000000000042d140                mount_main
 .text.pivot_root_main
                0x000000000042d684       0x40 util-linux/lib.a(pivot_root.o)
                0x000000000042d684                pivot_root_main
 .text.delete_contents
                0x000000000042d6c4      0x118 util-linux/lib.a(switch_root.o)
 .text.switch_root_main
                0x000000000042d7dc      0x1c4 util-linux/lib.a(switch_root.o)
                0x000000000042d7dc                switch_root_main
 .text.umount_main
                0x000000000042d9a0      0x348 util-linux/lib.a(umount.o)
                0x000000000042d9a0                umount_main
 .text.make_new_name_generic
                0x000000000042dce8       0x70 archival/lib.a(bbunzip.o)
 .text.make_new_name_gunzip
                0x000000000042dd58       0xb4 archival/lib.a(bbunzip.o)
 .text.unpack_gunzip
                0x000000000042de0c        0xc archival/lib.a(bbunzip.o)
 .text.unpack_bunzip2
                0x000000000042de18        0xc archival/lib.a(bbunzip.o)
 .text.append_ext
                0x000000000042de24       0x18 archival/lib.a(bbunzip.o)
                0x000000000042de24                append_ext
 .text.bbunpack
                0x000000000042de3c      0x34c archival/lib.a(bbunzip.o)
                0x000000000042de3c                bbunpack
 .text.gunzip_main
                0x000000000042e188       0x80 archival/lib.a(bbunzip.o)
                0x000000000042e188                gunzip_main
 .text.bunzip2_main
                0x000000000042e208       0x7c archival/lib.a(bbunzip.o)
                0x000000000042e208                bunzip2_main
 .text.init_block
                0x000000000042e284       0x78 archival/lib.a(gzip.o)
 .text.pqdownheap
                0x000000000042e2fc      0x100 archival/lib.a(gzip.o)
 .text.gen_codes
                0x000000000042e3fc       0xb4 archival/lib.a(gzip.o)
 .text.build_tree
                0x000000000042e4b0      0x458 archival/lib.a(gzip.o)
 .text.scan_tree
                0x000000000042e908      0x13c archival/lib.a(gzip.o)
 .text.ct_tally
                0x000000000042ea44      0x190 archival/lib.a(gzip.o)
 .text.file_read
                0x000000000042ebd4       0x84 archival/lib.a(gzip.o)
 .text.fill_window
                0x000000000042ec58      0x150 archival/lib.a(gzip.o)
 .text.flush_outbuf
                0x000000000042eda8       0x40 archival/lib.a(gzip.o)
 .text.put_16bit
                0x000000000042ede8       0xbc archival/lib.a(gzip.o)
 .text.send_bits
                0x000000000042eea4       0x9c archival/lib.a(gzip.o)
 .text.send_tree
                0x000000000042ef40      0x1cc archival/lib.a(gzip.o)
 .text.compress_block
                0x000000000042f10c      0x1bc archival/lib.a(gzip.o)
 .text.put_32bit
                0x000000000042f2c8       0x2c archival/lib.a(gzip.o)
 .text.bi_windup
                0x000000000042f2f4       0x88 archival/lib.a(gzip.o)
 .text.flush_block
                0x000000000042f37c      0x2bc archival/lib.a(gzip.o)
 .text.pack_gzip
                0x000000000042f638      0x8f0 archival/lib.a(gzip.o)
 .text.gzip_main
                0x000000000042ff28      0x108 archival/lib.a(gzip.o)
                0x000000000042ff28                gzip_main
 .text.append_file_list_to_list
                0x0000000000430030       0x9c archival/lib.a(tar.o)
 .text.putOctal
                0x00000000004300cc       0x70 archival/lib.a(tar.o)
 .text.chksum_and_xwrite
                0x000000000043013c       0x90 archival/lib.a(tar.o)
 .text.writeLongname
                0x00000000004301cc      0x104 archival/lib.a(tar.o)
 .text.vfork_compressor
                0x00000000004302d0      0x11c archival/lib.a(tar.o)
 .text.writeTarFile
                0x00000000004303ec      0x164 archival/lib.a(tar.o)
 .text.writeTarHeader
                0x0000000000430550      0x3b0 archival/lib.a(tar.o)
 .text.writeFileToTarball
                0x0000000000430900      0x2f8 archival/lib.a(tar.o)
 .text.tar_main
                0x0000000000430bf8      0x338 archival/lib.a(tar.o)
                0x0000000000430bf8                tar_main
 .text.data_extract_all
                0x0000000000430f30      0x420 archival/libarchive/lib.a(data_extract_all.o)
                0x0000000000430f30                data_extract_all
 .text.data_extract_to_stdout
                0x0000000000431350       0x18 archival/libarchive/lib.a(data_extract_to_stdout.o)
                0x0000000000431350                data_extract_to_stdout
 .text.data_skip
                0x0000000000431368       0x18 archival/libarchive/lib.a(data_skip.o)
                0x0000000000431368                data_skip
 .text.get_bits
                0x0000000000431380      0x100 archival/libarchive/lib.a(decompress_bunzip2.o)
 .text.get_next_block
                0x0000000000431480      0x774 archival/libarchive/lib.a(decompress_bunzip2.o)
 .text.read_bunzip
                0x0000000000431bf4      0x18c archival/libarchive/lib.a(decompress_bunzip2.o)
                0x0000000000431bf4                read_bunzip
 .text.start_bunzip
                0x0000000000431d80      0x128 archival/libarchive/lib.a(decompress_bunzip2.o)
                0x0000000000431d80                start_bunzip
 .text.dealloc_bunzip
                0x0000000000431ea8       0x2c archival/libarchive/lib.a(decompress_bunzip2.o)
                0x0000000000431ea8                dealloc_bunzip
 .text.unpack_bz2_stream
                0x0000000000431ed4      0x1b0 archival/libarchive/lib.a(decompress_bunzip2.o)
                0x0000000000431ed4                unpack_bz2_stream
 .text.huft_free
                0x0000000000432084       0x38 archival/libarchive/lib.a(decompress_gunzip.o)
 .text.huft_build
                0x00000000004320bc      0x50c archival/libarchive/lib.a(decompress_gunzip.o)
 .text.abort_unzip
                0x00000000004325c8       0x34 archival/libarchive/lib.a(decompress_gunzip.o)
 .text.fill_bitbuffer
                0x00000000004325fc      0x118 archival/libarchive/lib.a(decompress_gunzip.o)
 .text.top_up   0x0000000000432714       0xa4 archival/libarchive/lib.a(decompress_gunzip.o)
 .text.inflate_block
                0x00000000004327b8      0x6e0 archival/libarchive/lib.a(decompress_gunzip.o)
 .text.inflate_codes
                0x0000000000432e98      0x3d4 archival/libarchive/lib.a(decompress_gunzip.o)
 .text.inflate_unzip_internal
                0x000000000043326c      0x374 archival/libarchive/lib.a(decompress_gunzip.o)
 .text.unpack_gz_stream
                0x00000000004335e0      0x304 archival/libarchive/lib.a(decompress_gunzip.o)
                0x00000000004335e0                unpack_gz_stream
 .text.filter_accept_reject_list
                0x00000000004338e4       0x60 archival/libarchive/lib.a(filter_accept_reject_list.o)
                0x00000000004338e4                filter_accept_reject_list
 .text.find_list_entry
                0x0000000000433944       0x54 archival/libarchive/lib.a(find_list_entry.o)
                0x0000000000433944                find_list_entry
 .text.find_list_entry2
                0x0000000000433998       0xe4 archival/libarchive/lib.a(find_list_entry.o)
                0x0000000000433998                find_list_entry2
 .text.getOctal
                0x0000000000433a7c       0xa0 archival/libarchive/lib.a(get_header_tar.o)
 .text.strip_unsafe_prefix
                0x0000000000433b1c       0xd0 archival/libarchive/lib.a(get_header_tar.o)
                0x0000000000433b1c                strip_unsafe_prefix
 .text.get_header_tar
                0x0000000000433bec      0x738 archival/libarchive/lib.a(get_header_tar.o)
                0x0000000000433bec                get_header_tar
 .text.header_list
                0x0000000000434324        0x8 archival/libarchive/lib.a(header_list.o)
                0x0000000000434324                header_list
 .text.header_verbose_list
                0x000000000043432c       0xb8 archival/libarchive/lib.a(header_verbose_list.o)
                0x000000000043432c                header_verbose_list
 .text.init_handle
                0x00000000004343e4       0x68 archival/libarchive/lib.a(init_handle.o)
                0x00000000004343e4                init_handle
 .text.init_transformer_aux_data
                0x000000000043444c        0xc archival/libarchive/lib.a(open_transformer.o)
                0x000000000043444c                init_transformer_aux_data
 .text.check_signature16